EN dynamic_sizer NULL /home/mike/devel/embedded/m68k/m68030-bbb/xc95108-glue/dynamic_sizer.vhd sub00/vhpl00 1672550865
AR dynamic_sizer behavioral /home/mike/devel/embedded/m68k/m68030-bbb/xc95108-glue/dynamic_sizer.vhd sub00/vhpl01 1672550866
MO IBUF4_MXILINX_top NULL top.vf vlg78/_i_b_u_f4___m_x_i_l_i_n_x__top.bin 1672549365
MO top NULL top.vf vlg6F/top.bin 1672549365
MO IBUF8_MXILINX_top NULL top.vf vlg3C/_i_b_u_f8___m_x_i_l_i_n_x__top.bin 1672549365
