MO M2_1_MXILINX_top NULL top.vf vlg3D/_m2__1___m_x_i_l_i_n_x__top.bin 1673405680
EN dynamic_sizer NULL /home/mike/devel/embedded/m68k/m68030-bbb/xc95108-glue/dynamic_sizer.vhd sub00/vhpl00 1673411334
AR dynamic_sizer behavioral /home/mike/devel/embedded/m68k/m68030-bbb/xc95108-glue/dynamic_sizer.vhd sub00/vhpl01 1673411335
MO IBUF4_MXILINX_top NULL top.vf vlg78/_i_b_u_f4___m_x_i_l_i_n_x__top.bin 1673411334
EN cycle_timer NULL /home/mike/devel/embedded/m68k/m68030-bbb/xc95108-glue/cycle_timer.vhd sub00/vhpl02 1673401782
MO SR8CLED_MXILINX_top NULL top.vf vlg73/_s_r8_c_l_e_d___m_x_i_l_i_n_x__top.bin 1673405680
MO OBUFE_MXILINX_top NULL top.vf vlg5F/_o_b_u_f_e___m_x_i_l_i_n_x__top.bin 1673411151
MO top NULL top.vf vlg6F/top.bin 1673411334
AR cycle_timer behavioral /home/mike/devel/embedded/m68k/m68030-bbb/xc95108-glue/cycle_timer.vhd sub00/vhpl03 1673401783
MO IBUF8_MXILINX_top NULL top.vf vlg3C/_i_b_u_f8___m_x_i_l_i_n_x__top.bin 1673411334
MO AND9_MXILINX_top NULL top.vf vlg6E/_a_n_d9___m_x_i_l_i_n_x__top.bin 1673411334
MO NOR8_MXILINX_top NULL top.vf vlg55/_n_o_r8___m_x_i_l_i_n_x__top.bin 1673411334
MO CB4CE_MXILINX_top NULL top.vf vlg0B/_c_b4_c_e___m_x_i_l_i_n_x__top.bin 1673411334
MO FTCE_MXILINX_top NULL top.vf vlg5C/_f_t_c_e___m_x_i_l_i_n_x__top.bin 1673411334
