EN dynamic_sizer NULL /home/mike/devel/embedded/m68k/m68030-bbb/xc95108-glue/dynamic_sizer.vhd sub00/vhpl02 1673830406
AR dynamic_sizer behavioral /home/mike/devel/embedded/m68k/m68030-bbb/xc95108-glue/dynamic_sizer.vhd sub00/vhpl03 1673830407
AR m030_bus_state_decoder behavioral /home/mike/devel/embedded/m68k/m68030-bbb/xc95108-glue/m030_bus_state_decoder.vhd sub00/vhpl05 1673830409
MO IBUF16_MXILINX_top NULL top.vf vlg17/_i_b_u_f16___m_x_i_l_i_n_x__top.bin 1673830404
AR addr_decode_combi behavioral /home/mike/devel/embedded/m68k/m68030-bbb/xc95108-glue/addr_decode_combi.vhd sub00/vhpl01 1673830405
EN addr_decode_combi NULL /home/mike/devel/embedded/m68k/m68030-bbb/xc95108-glue/addr_decode_combi.vhd sub00/vhpl00 1673830404
MO BUFE8_MXILINX_top NULL top.vf vlg30/_b_u_f_e8___m_x_i_l_i_n_x__top.bin 1673830404
MO OBUFE_MXILINX_top NULL top.vf vlg5F/_o_b_u_f_e___m_x_i_l_i_n_x__top.bin 1673692392
MO top NULL top.vf vlg6F/top.bin 1673830404
MO D2_4E_MXILINX_top NULL top.vf vlg64/_d2__4_e___m_x_i_l_i_n_x__top.bin 1673830404
EN m030_bus_state_decoder NULL /home/mike/devel/embedded/m68k/m68030-bbb/xc95108-glue/m030_bus_state_decoder.vhd sub00/vhpl04 1673830408
MO OBUFT8_MXILINX_top NULL top.vf vlg36/_o_b_u_f_t8___m_x_i_l_i_n_x__top.bin 1673830404
MO IBUF8_MXILINX_top NULL top.vf vlg3C/_i_b_u_f8___m_x_i_l_i_n_x__top.bin 1673830404
MO FD8CE_MXILINX_top NULL top.vf vlg0C/_f_d8_c_e___m_x_i_l_i_n_x__top.bin 1673830404
MO OBUFE8_MXILINX_top NULL top.vf vlg7B/_o_b_u_f_e8___m_x_i_l_i_n_x__top.bin 1673692392
MO CB4CE_MXILINX_top NULL top.vf vlg0B/_c_b4_c_e___m_x_i_l_i_n_x__top.bin 1673696980
MO COMP4_MXILINX_top NULL top.vf vlg25/_c_o_m_p4___m_x_i_l_i_n_x__top.bin 1673830404
MO FTCE_MXILINX_top NULL top.vf vlg5C/_f_t_c_e___m_x_i_l_i_n_x__top.bin 1673696980
