V3 9
FL /home/mike/devel/embedded/m68k/m68030-bbb/xc95108-glue/addr_decode_combi.vhd 2023/01/14.04:05:03 P.20131013
EN work/addr_decode_combi 1673830404 \
      FL /home/mike/devel/embedded/m68k/m68030-bbb/xc95108-glue/addr_decode_combi.vhd \
      PB ieee/std_logic_1164 1381692176 PB ieee/NUMERIC_STD 1381692181 \
      PB ieee/std_logic_arith 1381692177 PB ieee/STD_LOGIC_UNSIGNED 1381692179
AR work/addr_decode_combi/Behavioral 1673830405 \
      FL /home/mike/devel/embedded/m68k/m68030-bbb/xc95108-glue/addr_decode_combi.vhd \
      EN work/addr_decode_combi 1673830404
FL /home/mike/devel/embedded/m68k/m68030-bbb/xc95108-glue/dynamic_sizer.vhd 2023/01/10.21:13:06 P.20131013
EN work/dynamic_sizer 1673830406 \
      FL /home/mike/devel/embedded/m68k/m68030-bbb/xc95108-glue/dynamic_sizer.vhd \
      PB ieee/std_logic_1164 1381692176
AR work/dynamic_sizer/Behavioral 1673830407 \
      FL /home/mike/devel/embedded/m68k/m68030-bbb/xc95108-glue/dynamic_sizer.vhd \
      EN work/dynamic_sizer 1673830406
FL /home/mike/devel/embedded/m68k/m68030-bbb/xc95108-glue/m030_bus_state_decoder.vhd 2023/01/15.19:52:12 P.20131013
EN work/m030_bus_state_decoder 1673830408 \
      FL /home/mike/devel/embedded/m68k/m68030-bbb/xc95108-glue/m030_bus_state_decoder.vhd \
      PB ieee/std_logic_1164 1381692176 PB ieee/NUMERIC_STD 1381692181 \
      PB ieee/std_logic_arith 1381692177 PB ieee/STD_LOGIC_UNSIGNED 1381692179
AR work/m030_bus_state_decoder/Behavioral 1673830409 \
      FL /home/mike/devel/embedded/m68k/m68030-bbb/xc95108-glue/m030_bus_state_decoder.vhd \
      EN work/m030_bus_state_decoder 1673830408
