V3 3
FL /home/mike/devel/embedded/m68k/m68030-bbb/xc95108-glue/dynamic_sizer.vhd 2023/01/01.00:27:42 P.20131013
EN work/dynamic_sizer 1672550865 \
      FL /home/mike/devel/embedded/m68k/m68030-bbb/xc95108-glue/dynamic_sizer.vhd \
      PB ieee/std_logic_1164 1381692176
AR work/dynamic_sizer/Behavioral 1672550866 \
      FL /home/mike/devel/embedded/m68k/m68030-bbb/xc95108-glue/dynamic_sizer.vhd \
      EN work/dynamic_sizer 1672550865
