V3 6
FL /home/mike/devel/embedded/m68k/m68030-bbb/xc95108-glue/cycle_timer.vhd 2023/01/10.20:36:03 P.20131013
EN work/cycle_timer 1673401782 \
      FL /home/mike/devel/embedded/m68k/m68030-bbb/xc95108-glue/cycle_timer.vhd \
      PB ieee/std_logic_1164 1381692176 PB ieee/NUMERIC_STD 1381692181 \
      PB ieee/std_logic_arith 1381692177 PB ieee/STD_LOGIC_UNSIGNED 1381692179
AR work/cycle_timer/Behavioral 1673401783 \
      FL /home/mike/devel/embedded/m68k/m68030-bbb/xc95108-glue/cycle_timer.vhd \
      EN work/cycle_timer 1673401782
FL /home/mike/devel/embedded/m68k/m68030-bbb/xc95108-glue/dynamic_sizer.vhd 2023/01/10.21:13:06 P.20131013
EN work/dynamic_sizer 1673411334 \
      FL /home/mike/devel/embedded/m68k/m68030-bbb/xc95108-glue/dynamic_sizer.vhd \
      PB ieee/std_logic_1164 1381692176
AR work/dynamic_sizer/Behavioral 1673411335 \
      FL /home/mike/devel/embedded/m68k/m68030-bbb/xc95108-glue/dynamic_sizer.vhd \
      EN work/dynamic_sizer 1673411334
