Release 14.7 - xst P.20131013 (lin64)
Copyright (c) 1995-2013 Xilinx, Inc.  All rights reserved.
--> 
Parameter TMPDIR set to xst/projnav.tmp


Total REAL time to Xst completion: 0.00 secs
Total CPU time to Xst completion: 0.03 secs
 
--> 
Parameter xsthdpdir set to xst


Total REAL time to Xst completion: 0.00 secs
Total CPU time to Xst completion: 0.03 secs
 
--> 
Reading design: top.prj

TABLE OF CONTENTS
  1) Synthesis Options Summary
  2) HDL Compilation
  3) Design Hierarchy Analysis
  4) HDL Analysis
  5) HDL Synthesis
     5.1) HDL Synthesis Report
  6) Advanced HDL Synthesis
     6.1) Advanced HDL Synthesis Report
  7) Low Level Synthesis
  8) Partition Report
  9) Final Report

=========================================================================
*                      Synthesis Options Summary                        *
=========================================================================
---- Source Parameters
Input File Name                    : "top.prj"
Input Format                       : mixed
Ignore Synthesis Constraint File   : NO

---- Target Parameters
Output File Name                   : "top"
Output Format                      : NGC
Target Device                      : XC9500 CPLDs

---- Source Options
Top Module Name                    : top
Automatic FSM Extraction           : YES
FSM Encoding Algorithm             : Auto
Safe Implementation                : No
Mux Extraction                     : Yes
Resource Sharing                   : YES

---- Target Options
Add IO Buffers                     : YES
MACRO Preserve                     : YES
XOR Preserve                       : YES
Equivalent register Removal        : YES

---- General Options
Optimization Goal                  : Speed
Optimization Effort                : 1
Keep Hierarchy                     : Yes
Netlist Hierarchy                  : As_Optimized
RTL Output                         : Yes
Hierarchy Separator                : /
Bus Delimiter                      : <>
Case Specifier                     : Maintain
Verilog 2001                       : YES

---- Other Options
wysiwyg                            : NO

=========================================================================


=========================================================================
*                          HDL Compilation                              *
=========================================================================
Compiling vhdl file "/home/mike/devel/embedded/m68k/m68030-bbb/xc95108-glue/addr_decode_combi.vhd" in Library work.
Architecture behavioral of Entity addr_decode_combi is up to date.
Compiling vhdl file "/home/mike/devel/embedded/m68k/m68030-bbb/xc95108-glue/dynamic_sizer.vhd" in Library work.
Architecture behavioral of Entity dynamic_sizer is up to date.
Compiling vhdl file "/home/mike/devel/embedded/m68k/m68030-bbb/xc95108-glue/m030_bus_state_decoder.vhd" in Library work.
Architecture behavioral of Entity m030_bus_state_decoder is up to date.
Compiling verilog file "top.vf" in library work
Module <COMP4_MXILINX_top> compiled
Module <OBUFT8_MXILINX_top> compiled
Module <BUFE8_MXILINX_top> compiled
Module <FD8CE_MXILINX_top> compiled
Module <IBUF8_MXILINX_top> compiled
Module <D2_4E_MXILINX_top> compiled
Module <IBUF16_MXILINX_top> compiled
Module <top> compiled
No errors in compilation
Analysis of file <"top.prj"> succeeded.
 

=========================================================================
*                     Design Hierarchy Analysis                         *
=========================================================================
Analyzing hierarchy for module <top> in library <work>.

Analyzing hierarchy for module <IBUF8_MXILINX_top> in library <work>.

Analyzing hierarchy for module <OBUFT8_MXILINX_top> in library <work>.

Analyzing hierarchy for module <IBUF16_MXILINX_top> in library <work>.

Analyzing hierarchy for module <IBUF16_MXILINX_top> in library <work>.

Analyzing hierarchy for module <FD8CE_MXILINX_top> in library <work>.

Analyzing hierarchy for module <FD8CE_MXILINX_top> in library <work>.

Analyzing hierarchy for module <BUFE8_MXILINX_top> in library <work>.

Analyzing hierarchy for module <BUFE8_MXILINX_top> in library <work>.

Analyzing hierarchy for entity <dynamic_sizer> in library <work> (architecture <behavioral>).

Analyzing hierarchy for entity <addr_decode_combi> in library <work> (architecture <behavioral>).

Analyzing hierarchy for module <D2_4E_MXILINX_top> in library <work>.

Analyzing hierarchy for entity <m030_bus_state_decoder> in library <work> (architecture <behavioral>).

Analyzing hierarchy for module <COMP4_MXILINX_top> in library <work>.

WARNING:Xst:2591 - "top.vf" line 509: attribute on instance <SLEW> overrides generic/parameter on entity. It is possible that simulator will not take this attribute into account.
WARNING:Xst:2591 - "top.vf" line 512: attribute on instance <SLEW> overrides generic/parameter on entity. It is possible that simulator will not take this attribute into account.

=========================================================================
*                            HDL Analysis                               *
=========================================================================
Analyzing top module <top>.
WARNING:Xst:852 - "top.vf" line 604: Unconnected input port 'D16_ACK' of instance 'XLXI_185' is tied to GND.
WARNING:Xst:852 - "top.vf" line 604: Unconnected input port 'D32_ACK' of instance 'XLXI_185' is tied to GND.
WARNING:Xst:852 - "top.vf" line 604: Unconnected input port 'S_ACK' of instance 'XLXI_185' is tied to GND.
Module <top> is correct for synthesis.
 
    Set user-defined property "CAPACITANCE =  DONT_CARE" for instance <IBUF_nAS> in unit <top>.
    Set user-defined property "IBUF_DELAY_VALUE =  0" for instance <IBUF_nAS> in unit <top>.
    Set user-defined property "IBUF_LOW_PWR =  TRUE" for instance <IBUF_nAS> in unit <top>.
    Set user-defined property "IFD_DELAY_VALUE =  AUTO" for instance <IBUF_nAS> in unit <top>.
    Set user-defined property "IOSTANDARD =  DEFAULT" for instance <IBUF_nAS> in unit <top>.
    Set user-defined property "CAPACITANCE =  DONT_CARE" for instance <IBUF_nRESET> in unit <top>.
    Set user-defined property "IBUF_DELAY_VALUE =  0" for instance <IBUF_nRESET> in unit <top>.
    Set user-defined property "IBUF_LOW_PWR =  TRUE" for instance <IBUF_nRESET> in unit <top>.
    Set user-defined property "IFD_DELAY_VALUE =  AUTO" for instance <IBUF_nRESET> in unit <top>.
    Set user-defined property "IOSTANDARD =  DEFAULT" for instance <IBUF_nRESET> in unit <top>.
    Set user-defined property "CAPACITANCE =  DONT_CARE" for instance <IBUF_RnW> in unit <top>.
    Set user-defined property "IBUF_DELAY_VALUE =  0" for instance <IBUF_RnW> in unit <top>.
    Set user-defined property "IBUF_LOW_PWR =  TRUE" for instance <IBUF_RnW> in unit <top>.
    Set user-defined property "IFD_DELAY_VALUE =  AUTO" for instance <IBUF_RnW> in unit <top>.
    Set user-defined property "IOSTANDARD =  DEFAULT" for instance <IBUF_RnW> in unit <top>.
    Set user-defined property "CAPACITANCE =  DONT_CARE" for instance <IBUF_SIZ0> in unit <top>.
    Set user-defined property "IBUF_DELAY_VALUE =  0" for instance <IBUF_SIZ0> in unit <top>.
    Set user-defined property "IBUF_LOW_PWR =  TRUE" for instance <IBUF_SIZ0> in unit <top>.
    Set user-defined property "IFD_DELAY_VALUE =  AUTO" for instance <IBUF_SIZ0> in unit <top>.
    Set user-defined property "IOSTANDARD =  DEFAULT" for instance <IBUF_SIZ0> in unit <top>.
    Set user-defined property "CAPACITANCE =  DONT_CARE" for instance <IBUF_SIZ1> in unit <top>.
    Set user-defined property "IBUF_DELAY_VALUE =  0" for instance <IBUF_SIZ1> in unit <top>.
    Set user-defined property "IBUF_LOW_PWR =  TRUE" for instance <IBUF_SIZ1> in unit <top>.
    Set user-defined property "IFD_DELAY_VALUE =  AUTO" for instance <IBUF_SIZ1> in unit <top>.
    Set user-defined property "IOSTANDARD =  DEFAULT" for instance <IBUF_SIZ1> in unit <top>.
    Set user-defined property "CAPACITANCE =  DONT_CARE" for instance <IBUF_SYSCLK> in unit <top>.
    Set user-defined property "IBUF_DELAY_VALUE =  0" for instance <IBUF_SYSCLK> in unit <top>.
    Set user-defined property "IBUF_LOW_PWR =  TRUE" for instance <IBUF_SYSCLK> in unit <top>.
    Set user-defined property "IFD_DELAY_VALUE =  AUTO" for instance <IBUF_SYSCLK> in unit <top>.
    Set user-defined property "IOSTANDARD =  DEFAULT" for instance <IBUF_SYSCLK> in unit <top>.
    Set user-defined property "CAPACITANCE =  DONT_CARE" for instance <XLXI_16> in unit <top>.
    Set user-defined property "IBUF_DELAY_VALUE =  0" for instance <XLXI_16> in unit <top>.
    Set user-defined property "IBUF_LOW_PWR =  TRUE" for instance <XLXI_16> in unit <top>.
    Set user-defined property "IFD_DELAY_VALUE =  AUTO" for instance <XLXI_16> in unit <top>.
    Set user-defined property "IOSTANDARD =  DEFAULT" for instance <XLXI_16> in unit <top>.
    Set user-defined property "CAPACITANCE =  DONT_CARE" for instance <XLXI_17> in unit <top>.
    Set user-defined property "IBUF_DELAY_VALUE =  0" for instance <XLXI_17> in unit <top>.
    Set user-defined property "IBUF_LOW_PWR =  TRUE" for instance <XLXI_17> in unit <top>.
    Set user-defined property "IFD_DELAY_VALUE =  AUTO" for instance <XLXI_17> in unit <top>.
    Set user-defined property "IOSTANDARD =  DEFAULT" for instance <XLXI_17> in unit <top>.
    Set user-defined property "CAPACITANCE =  DONT_CARE" for instance <XLXI_32> in unit <top>.
    Set user-defined property "IBUF_DELAY_VALUE =  0" for instance <XLXI_32> in unit <top>.
    Set user-defined property "IBUF_LOW_PWR =  TRUE" for instance <XLXI_32> in unit <top>.
    Set user-defined property "IFD_DELAY_VALUE =  AUTO" for instance <XLXI_32> in unit <top>.
    Set user-defined property "IOSTANDARD =  DEFAULT" for instance <XLXI_32> in unit <top>.
    Set user-defined property "CAPACITANCE =  DONT_CARE" for instance <XLXI_34> in unit <top>.
    Set user-defined property "IBUF_DELAY_VALUE =  0" for instance <XLXI_34> in unit <top>.
    Set user-defined property "IBUF_LOW_PWR =  TRUE" for instance <XLXI_34> in unit <top>.
    Set user-defined property "IFD_DELAY_VALUE =  AUTO" for instance <XLXI_34> in unit <top>.
    Set user-defined property "IOSTANDARD =  DEFAULT" for instance <XLXI_34> in unit <top>.
    Set user-defined property "CAPACITANCE =  DONT_CARE" for instance <XLXI_37> in unit <top>.
    Set user-defined property "IBUF_DELAY_VALUE =  0" for instance <XLXI_37> in unit <top>.
    Set user-defined property "IBUF_LOW_PWR =  TRUE" for instance <XLXI_37> in unit <top>.
    Set user-defined property "IFD_DELAY_VALUE =  AUTO" for instance <XLXI_37> in unit <top>.
    Set user-defined property "IOSTANDARD =  DEFAULT" for instance <XLXI_37> in unit <top>.
    Set user-defined property "CAPACITANCE =  DONT_CARE" for instance <XLXI_40> in unit <top>.
    Set user-defined property "IBUF_DELAY_VALUE =  0" for instance <XLXI_40> in unit <top>.
    Set user-defined property "IBUF_LOW_PWR =  TRUE" for instance <XLXI_40> in unit <top>.
    Set user-defined property "IFD_DELAY_VALUE =  AUTO" for instance <XLXI_40> in unit <top>.
    Set user-defined property "IOSTANDARD =  DEFAULT" for instance <XLXI_40> in unit <top>.
    Set user-defined property "CAPACITANCE =  DONT_CARE" for instance <XLXI_44> in unit <top>.
    Set user-defined property "DRIVE =  12" for instance <XLXI_44> in unit <top>.
    Set user-defined property "IOSTANDARD =  DEFAULT" for instance <XLXI_44> in unit <top>.
    Set user-defined property "SLEW =  SLOW" for instance <XLXI_44> in unit <top>.
    Set user-defined property "CAPACITANCE =  DONT_CARE" for instance <XLXI_45> in unit <top>.
    Set user-defined property "DRIVE =  12" for instance <XLXI_45> in unit <top>.
    Set user-defined property "IOSTANDARD =  DEFAULT" for instance <XLXI_45> in unit <top>.
    Set user-defined property "SLEW =  SLOW" for instance <XLXI_45> in unit <top>.
    Set user-defined property "HU_SET =  DI_BUF_3" for instance <DI_BUF> in unit <top>.
    Set user-defined property "HU_SET =  DO_BUF_8" for instance <DO_BUF> in unit <top>.
    Set user-defined property "SLEW =  FAST" for instance <DO_BUF> in unit <top>.
    Set user-defined property "HU_SET =  IBUFA_A_0" for instance <IBUFA_A> in unit <top>.
    Set user-defined property "HU_SET =  IBUFA_B_1" for instance <IBUFA_B> in unit <top>.
    Set user-defined property "HU_SET =  REG0BUF_6" for instance <REG0BUF> in unit <top>.
    Set user-defined property "HU_SET =  REG1OBUF_7" for instance <REG1OBUF> in unit <top>.
    Set user-defined property "HU_SET =  XLXI_163_2" for instance <XLXI_163> in unit <top>.
    Set user-defined property "HU_SET =  XLXI_187_9" for instance <XLXI_187> in unit <top>.
    Set user-defined property "HU_SET =  nerf0_4" for instance <nerf0> in unit <top>.
    Set user-defined property "HU_SET =  nerf1_5" for instance <nerf1> in unit <top>.
    Set user-defined property "LOC =  P99" for signal <nRESET_EXT> in unit <top>.
Analyzing module <IBUF8_MXILINX_top> in library <work>.
Module <IBUF8_MXILINX_top> is correct for synthesis.
 
    Set user-defined property "CAPACITANCE =  DONT_CARE" for instance <I_36_30> in unit <IBUF8_MXILINX_top>.
    Set user-defined property "IBUF_DELAY_VALUE =  0" for instance <I_36_30> in unit <IBUF8_MXILINX_top>.
    Set user-defined property "IBUF_LOW_PWR =  TRUE" for instance <I_36_30> in unit <IBUF8_MXILINX_top>.
    Set user-defined property "IFD_DELAY_VALUE =  AUTO" for instance <I_36_30> in unit <IBUF8_MXILINX_top>.
    Set user-defined property "IOSTANDARD =  DEFAULT" for instance <I_36_30> in unit <IBUF8_MXILINX_top>.
    Set user-defined property "CAPACITANCE =  DONT_CARE" for instance <I_36_31> in unit <IBUF8_MXILINX_top>.
    Set user-defined property "IBUF_DELAY_VALUE =  0" for instance <I_36_31> in unit <IBUF8_MXILINX_top>.
    Set user-defined property "IBUF_LOW_PWR =  TRUE" for instance <I_36_31> in unit <IBUF8_MXILINX_top>.
    Set user-defined property "IFD_DELAY_VALUE =  AUTO" for instance <I_36_31> in unit <IBUF8_MXILINX_top>.
    Set user-defined property "IOSTANDARD =  DEFAULT" for instance <I_36_31> in unit <IBUF8_MXILINX_top>.
    Set user-defined property "CAPACITANCE =  DONT_CARE" for instance <I_36_32> in unit <IBUF8_MXILINX_top>.
    Set user-defined property "IBUF_DELAY_VALUE =  0" for instance <I_36_32> in unit <IBUF8_MXILINX_top>.
    Set user-defined property "IBUF_LOW_PWR =  TRUE" for instance <I_36_32> in unit <IBUF8_MXILINX_top>.
    Set user-defined property "IFD_DELAY_VALUE =  AUTO" for instance <I_36_32> in unit <IBUF8_MXILINX_top>.
    Set user-defined property "IOSTANDARD =  DEFAULT" for instance <I_36_32> in unit <IBUF8_MXILINX_top>.
    Set user-defined property "CAPACITANCE =  DONT_CARE" for instance <I_36_33> in unit <IBUF8_MXILINX_top>.
    Set user-defined property "IBUF_DELAY_VALUE =  0" for instance <I_36_33> in unit <IBUF8_MXILINX_top>.
    Set user-defined property "IBUF_LOW_PWR =  TRUE" for instance <I_36_33> in unit <IBUF8_MXILINX_top>.
    Set user-defined property "IFD_DELAY_VALUE =  AUTO" for instance <I_36_33> in unit <IBUF8_MXILINX_top>.
    Set user-defined property "IOSTANDARD =  DEFAULT" for instance <I_36_33> in unit <IBUF8_MXILINX_top>.
    Set user-defined property "CAPACITANCE =  DONT_CARE" for instance <I_36_34> in unit <IBUF8_MXILINX_top>.
    Set user-defined property "IBUF_DELAY_VALUE =  0" for instance <I_36_34> in unit <IBUF8_MXILINX_top>.
    Set user-defined property "IBUF_LOW_PWR =  TRUE" for instance <I_36_34> in unit <IBUF8_MXILINX_top>.
    Set user-defined property "IFD_DELAY_VALUE =  AUTO" for instance <I_36_34> in unit <IBUF8_MXILINX_top>.
    Set user-defined property "IOSTANDARD =  DEFAULT" for instance <I_36_34> in unit <IBUF8_MXILINX_top>.
    Set user-defined property "CAPACITANCE =  DONT_CARE" for instance <I_36_35> in unit <IBUF8_MXILINX_top>.
    Set user-defined property "IBUF_DELAY_VALUE =  0" for instance <I_36_35> in unit <IBUF8_MXILINX_top>.
    Set user-defined property "IBUF_LOW_PWR =  TRUE" for instance <I_36_35> in unit <IBUF8_MXILINX_top>.
    Set user-defined property "IFD_DELAY_VALUE =  AUTO" for instance <I_36_35> in unit <IBUF8_MXILINX_top>.
    Set user-defined property "IOSTANDARD =  DEFAULT" for instance <I_36_35> in unit <IBUF8_MXILINX_top>.
    Set user-defined property "CAPACITANCE =  DONT_CARE" for instance <I_36_36> in unit <IBUF8_MXILINX_top>.
    Set user-defined property "IBUF_DELAY_VALUE =  0" for instance <I_36_36> in unit <IBUF8_MXILINX_top>.
    Set user-defined property "IBUF_LOW_PWR =  TRUE" for instance <I_36_36> in unit <IBUF8_MXILINX_top>.
    Set user-defined property "IFD_DELAY_VALUE =  AUTO" for instance <I_36_36> in unit <IBUF8_MXILINX_top>.
    Set user-defined property "IOSTANDARD =  DEFAULT" for instance <I_36_36> in unit <IBUF8_MXILINX_top>.
    Set user-defined property "CAPACITANCE =  DONT_CARE" for instance <I_36_37> in unit <IBUF8_MXILINX_top>.
    Set user-defined property "IBUF_DELAY_VALUE =  0" for instance <I_36_37> in unit <IBUF8_MXILINX_top>.
    Set user-defined property "IBUF_LOW_PWR =  TRUE" for instance <I_36_37> in unit <IBUF8_MXILINX_top>.
    Set user-defined property "IFD_DELAY_VALUE =  AUTO" for instance <I_36_37> in unit <IBUF8_MXILINX_top>.
    Set user-defined property "IOSTANDARD =  DEFAULT" for instance <I_36_37> in unit <IBUF8_MXILINX_top>.
Analyzing module <OBUFT8_MXILINX_top> in library <work>.
Module <OBUFT8_MXILINX_top> is correct for synthesis.
 
    Set user-defined property "CAPACITANCE =  DONT_CARE" for instance <I_36_30> in unit <OBUFT8_MXILINX_top>.
    Set user-defined property "DRIVE =  12" for instance <I_36_30> in unit <OBUFT8_MXILINX_top>.
    Set user-defined property "IOSTANDARD =  DEFAULT" for instance <I_36_30> in unit <OBUFT8_MXILINX_top>.
    Set user-defined property "SLEW =  SLOW" for instance <I_36_30> in unit <OBUFT8_MXILINX_top>.
    Set user-defined property "CAPACITANCE =  DONT_CARE" for instance <I_36_31> in unit <OBUFT8_MXILINX_top>.
    Set user-defined property "DRIVE =  12" for instance <I_36_31> in unit <OBUFT8_MXILINX_top>.
    Set user-defined property "IOSTANDARD =  DEFAULT" for instance <I_36_31> in unit <OBUFT8_MXILINX_top>.
    Set user-defined property "SLEW =  SLOW" for instance <I_36_31> in unit <OBUFT8_MXILINX_top>.
    Set user-defined property "CAPACITANCE =  DONT_CARE" for instance <I_36_32> in unit <OBUFT8_MXILINX_top>.
    Set user-defined property "DRIVE =  12" for instance <I_36_32> in unit <OBUFT8_MXILINX_top>.
    Set user-defined property "IOSTANDARD =  DEFAULT" for instance <I_36_32> in unit <OBUFT8_MXILINX_top>.
    Set user-defined property "SLEW =  SLOW" for instance <I_36_32> in unit <OBUFT8_MXILINX_top>.
    Set user-defined property "CAPACITANCE =  DONT_CARE" for instance <I_36_33> in unit <OBUFT8_MXILINX_top>.
    Set user-defined property "DRIVE =  12" for instance <I_36_33> in unit <OBUFT8_MXILINX_top>.
    Set user-defined property "IOSTANDARD =  DEFAULT" for instance <I_36_33> in unit <OBUFT8_MXILINX_top>.
    Set user-defined property "SLEW =  SLOW" for instance <I_36_33> in unit <OBUFT8_MXILINX_top>.
    Set user-defined property "CAPACITANCE =  DONT_CARE" for instance <I_36_34> in unit <OBUFT8_MXILINX_top>.
    Set user-defined property "DRIVE =  12" for instance <I_36_34> in unit <OBUFT8_MXILINX_top>.
    Set user-defined property "IOSTANDARD =  DEFAULT" for instance <I_36_34> in unit <OBUFT8_MXILINX_top>.
    Set user-defined property "SLEW =  SLOW" for instance <I_36_34> in unit <OBUFT8_MXILINX_top>.
    Set user-defined property "CAPACITANCE =  DONT_CARE" for instance <I_36_35> in unit <OBUFT8_MXILINX_top>.
    Set user-defined property "DRIVE =  12" for instance <I_36_35> in unit <OBUFT8_MXILINX_top>.
    Set user-defined property "IOSTANDARD =  DEFAULT" for instance <I_36_35> in unit <OBUFT8_MXILINX_top>.
    Set user-defined property "SLEW =  SLOW" for instance <I_36_35> in unit <OBUFT8_MXILINX_top>.
    Set user-defined property "CAPACITANCE =  DONT_CARE" for instance <I_36_36> in unit <OBUFT8_MXILINX_top>.
    Set user-defined property "DRIVE =  12" for instance <I_36_36> in unit <OBUFT8_MXILINX_top>.
    Set user-defined property "IOSTANDARD =  DEFAULT" for instance <I_36_36> in unit <OBUFT8_MXILINX_top>.
    Set user-defined property "SLEW =  SLOW" for instance <I_36_36> in unit <OBUFT8_MXILINX_top>.
    Set user-defined property "CAPACITANCE =  DONT_CARE" for instance <I_36_37> in unit <OBUFT8_MXILINX_top>.
    Set user-defined property "DRIVE =  12" for instance <I_36_37> in unit <OBUFT8_MXILINX_top>.
    Set user-defined property "IOSTANDARD =  DEFAULT" for instance <I_36_37> in unit <OBUFT8_MXILINX_top>.
    Set user-defined property "SLEW =  SLOW" for instance <I_36_37> in unit <OBUFT8_MXILINX_top>.
Analyzing module <IBUF16_MXILINX_top.1> in library <work>.
Module <IBUF16_MXILINX_top.1> is correct for synthesis.
 
    Set user-defined property "CAPACITANCE =  DONT_CARE" for instance <I_36_30> in unit <IBUF16_MXILINX_top.1>.
    Set user-defined property "IBUF_DELAY_VALUE =  0" for instance <I_36_30> in unit <IBUF16_MXILINX_top.1>.
    Set user-defined property "IBUF_LOW_PWR =  TRUE" for instance <I_36_30> in unit <IBUF16_MXILINX_top.1>.
    Set user-defined property "IFD_DELAY_VALUE =  AUTO" for instance <I_36_30> in unit <IBUF16_MXILINX_top.1>.
    Set user-defined property "IOSTANDARD =  DEFAULT" for instance <I_36_30> in unit <IBUF16_MXILINX_top.1>.
    Set user-defined property "CAPACITANCE =  DONT_CARE" for instance <I_36_31> in unit <IBUF16_MXILINX_top.1>.
    Set user-defined property "IBUF_DELAY_VALUE =  0" for instance <I_36_31> in unit <IBUF16_MXILINX_top.1>.
    Set user-defined property "IBUF_LOW_PWR =  TRUE" for instance <I_36_31> in unit <IBUF16_MXILINX_top.1>.
    Set user-defined property "IFD_DELAY_VALUE =  AUTO" for instance <I_36_31> in unit <IBUF16_MXILINX_top.1>.
    Set user-defined property "IOSTANDARD =  DEFAULT" for instance <I_36_31> in unit <IBUF16_MXILINX_top.1>.
    Set user-defined property "CAPACITANCE =  DONT_CARE" for instance <I_36_32> in unit <IBUF16_MXILINX_top.1>.
    Set user-defined property "IBUF_DELAY_VALUE =  0" for instance <I_36_32> in unit <IBUF16_MXILINX_top.1>.
    Set user-defined property "IBUF_LOW_PWR =  TRUE" for instance <I_36_32> in unit <IBUF16_MXILINX_top.1>.
    Set user-defined property "IFD_DELAY_VALUE =  AUTO" for instance <I_36_32> in unit <IBUF16_MXILINX_top.1>.
    Set user-defined property "IOSTANDARD =  DEFAULT" for instance <I_36_32> in unit <IBUF16_MXILINX_top.1>.
    Set user-defined property "CAPACITANCE =  DONT_CARE" for instance <I_36_33> in unit <IBUF16_MXILINX_top.1>.
    Set user-defined property "IBUF_DELAY_VALUE =  0" for instance <I_36_33> in unit <IBUF16_MXILINX_top.1>.
    Set user-defined property "IBUF_LOW_PWR =  TRUE" for instance <I_36_33> in unit <IBUF16_MXILINX_top.1>.
    Set user-defined property "IFD_DELAY_VALUE =  AUTO" for instance <I_36_33> in unit <IBUF16_MXILINX_top.1>.
    Set user-defined property "IOSTANDARD =  DEFAULT" for instance <I_36_33> in unit <IBUF16_MXILINX_top.1>.
    Set user-defined property "CAPACITANCE =  DONT_CARE" for instance <I_36_34> in unit <IBUF16_MXILINX_top.1>.
    Set user-defined property "IBUF_DELAY_VALUE =  0" for instance <I_36_34> in unit <IBUF16_MXILINX_top.1>.
    Set user-defined property "IBUF_LOW_PWR =  TRUE" for instance <I_36_34> in unit <IBUF16_MXILINX_top.1>.
    Set user-defined property "IFD_DELAY_VALUE =  AUTO" for instance <I_36_34> in unit <IBUF16_MXILINX_top.1>.
    Set user-defined property "IOSTANDARD =  DEFAULT" for instance <I_36_34> in unit <IBUF16_MXILINX_top.1>.
    Set user-defined property "CAPACITANCE =  DONT_CARE" for instance <I_36_35> in unit <IBUF16_MXILINX_top.1>.
    Set user-defined property "IBUF_DELAY_VALUE =  0" for instance <I_36_35> in unit <IBUF16_MXILINX_top.1>.
    Set user-defined property "IBUF_LOW_PWR =  TRUE" for instance <I_36_35> in unit <IBUF16_MXILINX_top.1>.
    Set user-defined property "IFD_DELAY_VALUE =  AUTO" for instance <I_36_35> in unit <IBUF16_MXILINX_top.1>.
    Set user-defined property "IOSTANDARD =  DEFAULT" for instance <I_36_35> in unit <IBUF16_MXILINX_top.1>.
    Set user-defined property "CAPACITANCE =  DONT_CARE" for instance <I_36_36> in unit <IBUF16_MXILINX_top.1>.
    Set user-defined property "IBUF_DELAY_VALUE =  0" for instance <I_36_36> in unit <IBUF16_MXILINX_top.1>.
    Set user-defined property "IBUF_LOW_PWR =  TRUE" for instance <I_36_36> in unit <IBUF16_MXILINX_top.1>.
    Set user-defined property "IFD_DELAY_VALUE =  AUTO" for instance <I_36_36> in unit <IBUF16_MXILINX_top.1>.
    Set user-defined property "IOSTANDARD =  DEFAULT" for instance <I_36_36> in unit <IBUF16_MXILINX_top.1>.
    Set user-defined property "CAPACITANCE =  DONT_CARE" for instance <I_36_37> in unit <IBUF16_MXILINX_top.1>.
    Set user-defined property "IBUF_DELAY_VALUE =  0" for instance <I_36_37> in unit <IBUF16_MXILINX_top.1>.
    Set user-defined property "IBUF_LOW_PWR =  TRUE" for instance <I_36_37> in unit <IBUF16_MXILINX_top.1>.
    Set user-defined property "IFD_DELAY_VALUE =  AUTO" for instance <I_36_37> in unit <IBUF16_MXILINX_top.1>.
    Set user-defined property "IOSTANDARD =  DEFAULT" for instance <I_36_37> in unit <IBUF16_MXILINX_top.1>.
    Set user-defined property "CAPACITANCE =  DONT_CARE" for instance <I_36_38> in unit <IBUF16_MXILINX_top.1>.
    Set user-defined property "IBUF_DELAY_VALUE =  0" for instance <I_36_38> in unit <IBUF16_MXILINX_top.1>.
    Set user-defined property "IBUF_LOW_PWR =  TRUE" for instance <I_36_38> in unit <IBUF16_MXILINX_top.1>.
    Set user-defined property "IFD_DELAY_VALUE =  AUTO" for instance <I_36_38> in unit <IBUF16_MXILINX_top.1>.
    Set user-defined property "IOSTANDARD =  DEFAULT" for instance <I_36_38> in unit <IBUF16_MXILINX_top.1>.
    Set user-defined property "CAPACITANCE =  DONT_CARE" for instance <I_36_39> in unit <IBUF16_MXILINX_top.1>.
    Set user-defined property "IBUF_DELAY_VALUE =  0" for instance <I_36_39> in unit <IBUF16_MXILINX_top.1>.
    Set user-defined property "IBUF_LOW_PWR =  TRUE" for instance <I_36_39> in unit <IBUF16_MXILINX_top.1>.
    Set user-defined property "IFD_DELAY_VALUE =  AUTO" for instance <I_36_39> in unit <IBUF16_MXILINX_top.1>.
    Set user-defined property "IOSTANDARD =  DEFAULT" for instance <I_36_39> in unit <IBUF16_MXILINX_top.1>.
    Set user-defined property "CAPACITANCE =  DONT_CARE" for instance <I_36_40> in unit <IBUF16_MXILINX_top.1>.
    Set user-defined property "IBUF_DELAY_VALUE =  0" for instance <I_36_40> in unit <IBUF16_MXILINX_top.1>.
    Set user-defined property "IBUF_LOW_PWR =  TRUE" for instance <I_36_40> in unit <IBUF16_MXILINX_top.1>.
    Set user-defined property "IFD_DELAY_VALUE =  AUTO" for instance <I_36_40> in unit <IBUF16_MXILINX_top.1>.
    Set user-defined property "IOSTANDARD =  DEFAULT" for instance <I_36_40> in unit <IBUF16_MXILINX_top.1>.
    Set user-defined property "CAPACITANCE =  DONT_CARE" for instance <I_36_41> in unit <IBUF16_MXILINX_top.1>.
    Set user-defined property "IBUF_DELAY_VALUE =  0" for instance <I_36_41> in unit <IBUF16_MXILINX_top.1>.
    Set user-defined property "IBUF_LOW_PWR =  TRUE" for instance <I_36_41> in unit <IBUF16_MXILINX_top.1>.
    Set user-defined property "IFD_DELAY_VALUE =  AUTO" for instance <I_36_41> in unit <IBUF16_MXILINX_top.1>.
    Set user-defined property "IOSTANDARD =  DEFAULT" for instance <I_36_41> in unit <IBUF16_MXILINX_top.1>.
    Set user-defined property "CAPACITANCE =  DONT_CARE" for instance <I_36_42> in unit <IBUF16_MXILINX_top.1>.
    Set user-defined property "IBUF_DELAY_VALUE =  0" for instance <I_36_42> in unit <IBUF16_MXILINX_top.1>.
    Set user-defined property "IBUF_LOW_PWR =  TRUE" for instance <I_36_42> in unit <IBUF16_MXILINX_top.1>.
    Set user-defined property "IFD_DELAY_VALUE =  AUTO" for instance <I_36_42> in unit <IBUF16_MXILINX_top.1>.
    Set user-defined property "IOSTANDARD =  DEFAULT" for instance <I_36_42> in unit <IBUF16_MXILINX_top.1>.
    Set user-defined property "CAPACITANCE =  DONT_CARE" for instance <I_36_43> in unit <IBUF16_MXILINX_top.1>.
    Set user-defined property "IBUF_DELAY_VALUE =  0" for instance <I_36_43> in unit <IBUF16_MXILINX_top.1>.
    Set user-defined property "IBUF_LOW_PWR =  TRUE" for instance <I_36_43> in unit <IBUF16_MXILINX_top.1>.
    Set user-defined property "IFD_DELAY_VALUE =  AUTO" for instance <I_36_43> in unit <IBUF16_MXILINX_top.1>.
    Set user-defined property "IOSTANDARD =  DEFAULT" for instance <I_36_43> in unit <IBUF16_MXILINX_top.1>.
    Set user-defined property "CAPACITANCE =  DONT_CARE" for instance <I_36_44> in unit <IBUF16_MXILINX_top.1>.
    Set user-defined property "IBUF_DELAY_VALUE =  0" for instance <I_36_44> in unit <IBUF16_MXILINX_top.1>.
    Set user-defined property "IBUF_LOW_PWR =  TRUE" for instance <I_36_44> in unit <IBUF16_MXILINX_top.1>.
    Set user-defined property "IFD_DELAY_VALUE =  AUTO" for instance <I_36_44> in unit <IBUF16_MXILINX_top.1>.
    Set user-defined property "IOSTANDARD =  DEFAULT" for instance <I_36_44> in unit <IBUF16_MXILINX_top.1>.
    Set user-defined property "CAPACITANCE =  DONT_CARE" for instance <I_36_45> in unit <IBUF16_MXILINX_top.1>.
    Set user-defined property "IBUF_DELAY_VALUE =  0" for instance <I_36_45> in unit <IBUF16_MXILINX_top.1>.
    Set user-defined property "IBUF_LOW_PWR =  TRUE" for instance <I_36_45> in unit <IBUF16_MXILINX_top.1>.
    Set user-defined property "IFD_DELAY_VALUE =  AUTO" for instance <I_36_45> in unit <IBUF16_MXILINX_top.1>.
    Set user-defined property "IOSTANDARD =  DEFAULT" for instance <I_36_45> in unit <IBUF16_MXILINX_top.1>.
Analyzing module <IBUF16_MXILINX_top.2> in library <work>.
Module <IBUF16_MXILINX_top.2> is correct for synthesis.
 
    Set user-defined property "CAPACITANCE =  DONT_CARE" for instance <I_36_30> in unit <IBUF16_MXILINX_top.2>.
    Set user-defined property "IBUF_DELAY_VALUE =  0" for instance <I_36_30> in unit <IBUF16_MXILINX_top.2>.
    Set user-defined property "IBUF_LOW_PWR =  TRUE" for instance <I_36_30> in unit <IBUF16_MXILINX_top.2>.
    Set user-defined property "IFD_DELAY_VALUE =  AUTO" for instance <I_36_30> in unit <IBUF16_MXILINX_top.2>.
    Set user-defined property "IOSTANDARD =  DEFAULT" for instance <I_36_30> in unit <IBUF16_MXILINX_top.2>.
    Set user-defined property "CAPACITANCE =  DONT_CARE" for instance <I_36_31> in unit <IBUF16_MXILINX_top.2>.
    Set user-defined property "IBUF_DELAY_VALUE =  0" for instance <I_36_31> in unit <IBUF16_MXILINX_top.2>.
    Set user-defined property "IBUF_LOW_PWR =  TRUE" for instance <I_36_31> in unit <IBUF16_MXILINX_top.2>.
    Set user-defined property "IFD_DELAY_VALUE =  AUTO" for instance <I_36_31> in unit <IBUF16_MXILINX_top.2>.
    Set user-defined property "IOSTANDARD =  DEFAULT" for instance <I_36_31> in unit <IBUF16_MXILINX_top.2>.
    Set user-defined property "CAPACITANCE =  DONT_CARE" for instance <I_36_32> in unit <IBUF16_MXILINX_top.2>.
    Set user-defined property "IBUF_DELAY_VALUE =  0" for instance <I_36_32> in unit <IBUF16_MXILINX_top.2>.
    Set user-defined property "IBUF_LOW_PWR =  TRUE" for instance <I_36_32> in unit <IBUF16_MXILINX_top.2>.
    Set user-defined property "IFD_DELAY_VALUE =  AUTO" for instance <I_36_32> in unit <IBUF16_MXILINX_top.2>.
    Set user-defined property "IOSTANDARD =  DEFAULT" for instance <I_36_32> in unit <IBUF16_MXILINX_top.2>.
    Set user-defined property "CAPACITANCE =  DONT_CARE" for instance <I_36_33> in unit <IBUF16_MXILINX_top.2>.
    Set user-defined property "IBUF_DELAY_VALUE =  0" for instance <I_36_33> in unit <IBUF16_MXILINX_top.2>.
    Set user-defined property "IBUF_LOW_PWR =  TRUE" for instance <I_36_33> in unit <IBUF16_MXILINX_top.2>.
    Set user-defined property "IFD_DELAY_VALUE =  AUTO" for instance <I_36_33> in unit <IBUF16_MXILINX_top.2>.
    Set user-defined property "IOSTANDARD =  DEFAULT" for instance <I_36_33> in unit <IBUF16_MXILINX_top.2>.
    Set user-defined property "CAPACITANCE =  DONT_CARE" for instance <I_36_34> in unit <IBUF16_MXILINX_top.2>.
    Set user-defined property "IBUF_DELAY_VALUE =  0" for instance <I_36_34> in unit <IBUF16_MXILINX_top.2>.
    Set user-defined property "IBUF_LOW_PWR =  TRUE" for instance <I_36_34> in unit <IBUF16_MXILINX_top.2>.
    Set user-defined property "IFD_DELAY_VALUE =  AUTO" for instance <I_36_34> in unit <IBUF16_MXILINX_top.2>.
    Set user-defined property "IOSTANDARD =  DEFAULT" for instance <I_36_34> in unit <IBUF16_MXILINX_top.2>.
    Set user-defined property "CAPACITANCE =  DONT_CARE" for instance <I_36_35> in unit <IBUF16_MXILINX_top.2>.
    Set user-defined property "IBUF_DELAY_VALUE =  0" for instance <I_36_35> in unit <IBUF16_MXILINX_top.2>.
    Set user-defined property "IBUF_LOW_PWR =  TRUE" for instance <I_36_35> in unit <IBUF16_MXILINX_top.2>.
    Set user-defined property "IFD_DELAY_VALUE =  AUTO" for instance <I_36_35> in unit <IBUF16_MXILINX_top.2>.
    Set user-defined property "IOSTANDARD =  DEFAULT" for instance <I_36_35> in unit <IBUF16_MXILINX_top.2>.
    Set user-defined property "CAPACITANCE =  DONT_CARE" for instance <I_36_36> in unit <IBUF16_MXILINX_top.2>.
    Set user-defined property "IBUF_DELAY_VALUE =  0" for instance <I_36_36> in unit <IBUF16_MXILINX_top.2>.
    Set user-defined property "IBUF_LOW_PWR =  TRUE" for instance <I_36_36> in unit <IBUF16_MXILINX_top.2>.
    Set user-defined property "IFD_DELAY_VALUE =  AUTO" for instance <I_36_36> in unit <IBUF16_MXILINX_top.2>.
    Set user-defined property "IOSTANDARD =  DEFAULT" for instance <I_36_36> in unit <IBUF16_MXILINX_top.2>.
    Set user-defined property "CAPACITANCE =  DONT_CARE" for instance <I_36_37> in unit <IBUF16_MXILINX_top.2>.
    Set user-defined property "IBUF_DELAY_VALUE =  0" for instance <I_36_37> in unit <IBUF16_MXILINX_top.2>.
    Set user-defined property "IBUF_LOW_PWR =  TRUE" for instance <I_36_37> in unit <IBUF16_MXILINX_top.2>.
    Set user-defined property "IFD_DELAY_VALUE =  AUTO" for instance <I_36_37> in unit <IBUF16_MXILINX_top.2>.
    Set user-defined property "IOSTANDARD =  DEFAULT" for instance <I_36_37> in unit <IBUF16_MXILINX_top.2>.
    Set user-defined property "CAPACITANCE =  DONT_CARE" for instance <I_36_38> in unit <IBUF16_MXILINX_top.2>.
    Set user-defined property "IBUF_DELAY_VALUE =  0" for instance <I_36_38> in unit <IBUF16_MXILINX_top.2>.
    Set user-defined property "IBUF_LOW_PWR =  TRUE" for instance <I_36_38> in unit <IBUF16_MXILINX_top.2>.
    Set user-defined property "IFD_DELAY_VALUE =  AUTO" for instance <I_36_38> in unit <IBUF16_MXILINX_top.2>.
    Set user-defined property "IOSTANDARD =  DEFAULT" for instance <I_36_38> in unit <IBUF16_MXILINX_top.2>.
    Set user-defined property "CAPACITANCE =  DONT_CARE" for instance <I_36_39> in unit <IBUF16_MXILINX_top.2>.
    Set user-defined property "IBUF_DELAY_VALUE =  0" for instance <I_36_39> in unit <IBUF16_MXILINX_top.2>.
    Set user-defined property "IBUF_LOW_PWR =  TRUE" for instance <I_36_39> in unit <IBUF16_MXILINX_top.2>.
    Set user-defined property "IFD_DELAY_VALUE =  AUTO" for instance <I_36_39> in unit <IBUF16_MXILINX_top.2>.
    Set user-defined property "IOSTANDARD =  DEFAULT" for instance <I_36_39> in unit <IBUF16_MXILINX_top.2>.
    Set user-defined property "CAPACITANCE =  DONT_CARE" for instance <I_36_40> in unit <IBUF16_MXILINX_top.2>.
    Set user-defined property "IBUF_DELAY_VALUE =  0" for instance <I_36_40> in unit <IBUF16_MXILINX_top.2>.
    Set user-defined property "IBUF_LOW_PWR =  TRUE" for instance <I_36_40> in unit <IBUF16_MXILINX_top.2>.
    Set user-defined property "IFD_DELAY_VALUE =  AUTO" for instance <I_36_40> in unit <IBUF16_MXILINX_top.2>.
    Set user-defined property "IOSTANDARD =  DEFAULT" for instance <I_36_40> in unit <IBUF16_MXILINX_top.2>.
    Set user-defined property "CAPACITANCE =  DONT_CARE" for instance <I_36_41> in unit <IBUF16_MXILINX_top.2>.
    Set user-defined property "IBUF_DELAY_VALUE =  0" for instance <I_36_41> in unit <IBUF16_MXILINX_top.2>.
    Set user-defined property "IBUF_LOW_PWR =  TRUE" for instance <I_36_41> in unit <IBUF16_MXILINX_top.2>.
    Set user-defined property "IFD_DELAY_VALUE =  AUTO" for instance <I_36_41> in unit <IBUF16_MXILINX_top.2>.
    Set user-defined property "IOSTANDARD =  DEFAULT" for instance <I_36_41> in unit <IBUF16_MXILINX_top.2>.
    Set user-defined property "CAPACITANCE =  DONT_CARE" for instance <I_36_42> in unit <IBUF16_MXILINX_top.2>.
    Set user-defined property "IBUF_DELAY_VALUE =  0" for instance <I_36_42> in unit <IBUF16_MXILINX_top.2>.
    Set user-defined property "IBUF_LOW_PWR =  TRUE" for instance <I_36_42> in unit <IBUF16_MXILINX_top.2>.
    Set user-defined property "IFD_DELAY_VALUE =  AUTO" for instance <I_36_42> in unit <IBUF16_MXILINX_top.2>.
    Set user-defined property "IOSTANDARD =  DEFAULT" for instance <I_36_42> in unit <IBUF16_MXILINX_top.2>.
    Set user-defined property "CAPACITANCE =  DONT_CARE" for instance <I_36_43> in unit <IBUF16_MXILINX_top.2>.
    Set user-defined property "IBUF_DELAY_VALUE =  0" for instance <I_36_43> in unit <IBUF16_MXILINX_top.2>.
    Set user-defined property "IBUF_LOW_PWR =  TRUE" for instance <I_36_43> in unit <IBUF16_MXILINX_top.2>.
    Set user-defined property "IFD_DELAY_VALUE =  AUTO" for instance <I_36_43> in unit <IBUF16_MXILINX_top.2>.
    Set user-defined property "IOSTANDARD =  DEFAULT" for instance <I_36_43> in unit <IBUF16_MXILINX_top.2>.
    Set user-defined property "CAPACITANCE =  DONT_CARE" for instance <I_36_44> in unit <IBUF16_MXILINX_top.2>.
    Set user-defined property "IBUF_DELAY_VALUE =  0" for instance <I_36_44> in unit <IBUF16_MXILINX_top.2>.
    Set user-defined property "IBUF_LOW_PWR =  TRUE" for instance <I_36_44> in unit <IBUF16_MXILINX_top.2>.
    Set user-defined property "IFD_DELAY_VALUE =  AUTO" for instance <I_36_44> in unit <IBUF16_MXILINX_top.2>.
    Set user-defined property "IOSTANDARD =  DEFAULT" for instance <I_36_44> in unit <IBUF16_MXILINX_top.2>.
    Set user-defined property "CAPACITANCE =  DONT_CARE" for instance <I_36_45> in unit <IBUF16_MXILINX_top.2>.
    Set user-defined property "IBUF_DELAY_VALUE =  0" for instance <I_36_45> in unit <IBUF16_MXILINX_top.2>.
    Set user-defined property "IBUF_LOW_PWR =  TRUE" for instance <I_36_45> in unit <IBUF16_MXILINX_top.2>.
    Set user-defined property "IFD_DELAY_VALUE =  AUTO" for instance <I_36_45> in unit <IBUF16_MXILINX_top.2>.
    Set user-defined property "IOSTANDARD =  DEFAULT" for instance <I_36_45> in unit <IBUF16_MXILINX_top.2>.
Analyzing module <FD8CE_MXILINX_top.1> in library <work>.
Module <FD8CE_MXILINX_top.1> is correct for synthesis.
 
    Set user-defined property "INIT =  0" for instance <Q0> in unit <FD8CE_MXILINX_top.1>.
    Set user-defined property "INIT =  0" for instance <Q1> in unit <FD8CE_MXILINX_top.1>.
    Set user-defined property "INIT =  0" for instance <Q2> in unit <FD8CE_MXILINX_top.1>.
    Set user-defined property "INIT =  0" for instance <Q3> in unit <FD8CE_MXILINX_top.1>.
    Set user-defined property "INIT =  0" for instance <Q4> in unit <FD8CE_MXILINX_top.1>.
    Set user-defined property "INIT =  0" for instance <Q5> in unit <FD8CE_MXILINX_top.1>.
    Set user-defined property "INIT =  0" for instance <Q6> in unit <FD8CE_MXILINX_top.1>.
    Set user-defined property "INIT =  0" for instance <Q7> in unit <FD8CE_MXILINX_top.1>.
Analyzing module <FD8CE_MXILINX_top.2> in library <work>.
Module <FD8CE_MXILINX_top.2> is correct for synthesis.
 
    Set user-defined property "INIT =  0" for instance <Q0> in unit <FD8CE_MXILINX_top.2>.
    Set user-defined property "INIT =  0" for instance <Q1> in unit <FD8CE_MXILINX_top.2>.
    Set user-defined property "INIT =  0" for instance <Q2> in unit <FD8CE_MXILINX_top.2>.
    Set user-defined property "INIT =  0" for instance <Q3> in unit <FD8CE_MXILINX_top.2>.
    Set user-defined property "INIT =  0" for instance <Q4> in unit <FD8CE_MXILINX_top.2>.
    Set user-defined property "INIT =  0" for instance <Q5> in unit <FD8CE_MXILINX_top.2>.
    Set user-defined property "INIT =  0" for instance <Q6> in unit <FD8CE_MXILINX_top.2>.
    Set user-defined property "INIT =  0" for instance <Q7> in unit <FD8CE_MXILINX_top.2>.
Analyzing module <BUFE8_MXILINX_top.1> in library <work>.
Module <BUFE8_MXILINX_top.1> is correct for synthesis.
 
Analyzing module <BUFE8_MXILINX_top.2> in library <work>.
Module <BUFE8_MXILINX_top.2> is correct for synthesis.
 
Analyzing Entity <dynamic_sizer> in library <work> (Architecture <behavioral>).
Entity <dynamic_sizer> analyzed. Unit <dynamic_sizer> generated.

Analyzing Entity <addr_decode_combi> in library <work> (Architecture <behavioral>).
Entity <addr_decode_combi> analyzed. Unit <addr_decode_combi> generated.

Analyzing module <D2_4E_MXILINX_top> in library <work>.
Module <D2_4E_MXILINX_top> is correct for synthesis.
 
Analyzing Entity <m030_bus_state_decoder> in library <work> (Architecture <behavioral>).
WARNING:Xst:819 - "/home/mike/devel/embedded/m68k/m68030-bbb/xc95108-glue/m030_bus_state_decoder.vhd" line 75: One or more signals are missing in the process sensitivity list. To enable synthesis of FPGA/CPLD hardware, XST will assume that all necessary signals are present in the sensitivity list. Please note that the result of the synthesis may differ from the initial design specification. The missing signals are:
   <S_ACK>
Entity <m030_bus_state_decoder> analyzed. Unit <m030_bus_state_decoder> generated.

Analyzing module <COMP4_MXILINX_top> in library <work>.
Module <COMP4_MXILINX_top> is correct for synthesis.
 

=========================================================================
*                           HDL Synthesis                               *
=========================================================================

Performing bidirectional port resolution...

Synthesizing Unit <dynamic_sizer>.
    Related source file is "/home/mike/devel/embedded/m68k/m68030-bbb/xc95108-glue/dynamic_sizer.vhd".
Unit <dynamic_sizer> synthesized.


Synthesizing Unit <addr_decode_combi>.
    Related source file is "/home/mike/devel/embedded/m68k/m68030-bbb/xc95108-glue/addr_decode_combi.vhd".
WARNING:Xst:647 - Input <A<19:0>> is never used. This port will be preserved and left unconnected if it belongs to a top-level block or it belongs to a sub-block and the hierarchy of this sub-block is preserved.
    Found 4-bit up counter for signal <boot_cycle_count_reg>.
    Found 1-bit register for signal <boot_in_progress>.
    Summary:
	inferred   1 Counter(s).
	inferred   1 D-type flip-flop(s).
Unit <addr_decode_combi> synthesized.


Synthesizing Unit <m030_bus_state_decoder>.
    Related source file is "/home/mike/devel/embedded/m68k/m68030-bbb/xc95108-glue/m030_bus_state_decoder.vhd".
WARNING:Xst:647 - Input <RMW> is never used. This port will be preserved and left unconnected if it belongs to a top-level block or it belongs to a sub-block and the hierarchy of this sub-block is preserved.
WARNING:Xst:647 - Input <AS> is never used. This port will be preserved and left unconnected if it belongs to a top-level block or it belongs to a sub-block and the hierarchy of this sub-block is preserved.
WARNING:Xst:647 - Input <OCS> is never used. This port will be preserved and left unconnected if it belongs to a top-level block or it belongs to a sub-block and the hierarchy of this sub-block is preserved.
    Found finite state machine <FSM_0> for signal <state_reg>.
    -----------------------------------------------------------------------
    | States             | 4                                              |
    | Transitions        | 7                                              |
    | Inputs             | 2                                              |
    | Outputs            | 4                                              |
    | Clock              | BCLK                      (falling_edge)       |
    | Reset              | RESET                     (positive)           |
    | Reset type         | asynchronous                                   |
    | Reset State        | idle                                           |
    | Power Up State     | idle                                           |
    | Encoding           | automatic                                      |
    | Implementation     | automatic                                      |
    -----------------------------------------------------------------------
WARNING:Xst:737 - Found 5-bit latch for signal <cycle_counter_next>. Latches may be generated from incomplete case or if statements. We do not recommend the use of latches in FPGA/CPLD designs, as they may lead to timing problems.
INFO:Xst:2371 - HDL ADVISOR - Logic functions respectively driving the data and gate enable inputs of this latch share common terms. This situation will potentially lead to setup/hold violations and, as a result, to simulation problems. This situation may come from an incomplete case statement (all selector values are not covered). You should carefully review if it was in your intentions to describe such a latch.
    Found 5-bit register for signal <cycle_counter>.
    Found 5-bit adder for signal <cycle_counter_next$addsub0000>.
    Summary:
	inferred   1 Finite State Machine(s).
	inferred   1 Adder/Subtractor(s).
Unit <m030_bus_state_decoder> synthesized.


Synthesizing Unit <IBUF8_MXILINX_top>.
    Related source file is "top.vf".
Unit <IBUF8_MXILINX_top> synthesized.


Synthesizing Unit <OBUFT8_MXILINX_top>.
    Related source file is "top.vf".
Unit <OBUFT8_MXILINX_top> synthesized.


Synthesizing Unit <IBUF16_MXILINX_top_1>.
    Related source file is "top.vf".
Unit <IBUF16_MXILINX_top_1> synthesized.


Synthesizing Unit <IBUF16_MXILINX_top_2>.
    Related source file is "top.vf".
Unit <IBUF16_MXILINX_top_2> synthesized.


Synthesizing Unit <FD8CE_MXILINX_top_1>.
    Related source file is "top.vf".
Unit <FD8CE_MXILINX_top_1> synthesized.


Synthesizing Unit <FD8CE_MXILINX_top_2>.
    Related source file is "top.vf".
Unit <FD8CE_MXILINX_top_2> synthesized.


Synthesizing Unit <BUFE8_MXILINX_top_1>.
    Related source file is "top.vf".
Unit <BUFE8_MXILINX_top_1> synthesized.


Synthesizing Unit <BUFE8_MXILINX_top_2>.
    Related source file is "top.vf".
Unit <BUFE8_MXILINX_top_2> synthesized.


Synthesizing Unit <D2_4E_MXILINX_top>.
    Related source file is "top.vf".
Unit <D2_4E_MXILINX_top> synthesized.


Synthesizing Unit <COMP4_MXILINX_top>.
    Related source file is "top.vf".
Unit <COMP4_MXILINX_top> synthesized.


Synthesizing Unit <top>.
    Related source file is "top.vf".
WARNING:Xst:646 - Signal <nCLK> is assigned but never used. This unconnected signal will be trimmed during the optimization process.
WARNING:Xst:646 - Signal <DS> is assigned but never used. This unconnected signal will be trimmed during the optimization process.
WARNING:Xst:646 - Signal <CC<0>> is assigned but never used. This unconnected signal will be trimmed during the optimization process.
Unit <top> synthesized.

INFO:Xst:1767 - HDL ADVISOR - Resource sharing has identified that some arithmetic operations in this design can share the same physical resources for reduced device utilization. For improved clock frequency you may try to disable resource sharing.

=========================================================================
HDL Synthesis Report

Macro Statistics
# Adders/Subtractors                                   : 1
 5-bit adder                                           : 1
# Counters                                             : 1
 4-bit up counter                                      : 1
# Registers                                            : 2
 1-bit register                                        : 1
 5-bit register                                        : 1
# Latches                                              : 1
 5-bit latch                                           : 1

=========================================================================

=========================================================================
*                       Advanced HDL Synthesis                          *
=========================================================================

Analyzing FSM <FSM_0> for best encoding.
Optimizing FSM <XLXI_185/state_reg/FSM> on signal <state_reg[1:2]> with sequential encoding.
------------------------
 State      | Encoding
------------------------
 idle       | 00
 start      | 01
 wait_state | 11
 complete   | 10
------------------------

=========================================================================
Advanced HDL Synthesis Report

Macro Statistics
# FSMs                                                 : 1
# Adders/Subtractors                                   : 1
 5-bit adder                                           : 1
# Counters                                             : 1
 4-bit up counter                                      : 1
# Registers                                            : 17
 Flip-Flops                                            : 17
# Latches                                              : 1
 5-bit latch                                           : 1

=========================================================================

=========================================================================
*                         Low Level Synthesis                           *
=========================================================================

Optimizing unit <top> ...
  implementation constraint: LOC=P99	 : nRESET_EXT

Optimizing unit <dynamic_sizer> ...

Optimizing unit <IBUF8_MXILINX_top> ...

Optimizing unit <OBUFT8_MXILINX_top> ...

Optimizing unit <IBUF16_MXILINX_top_1> ...

Optimizing unit <IBUF16_MXILINX_top_2> ...

Optimizing unit <FD8CE_MXILINX_top_1> ...
  implementation constraint: INIT=0	 : Q0
  implementation constraint: INIT=0	 : Q1
  implementation constraint: INIT=0	 : Q2
  implementation constraint: INIT=0	 : Q3
  implementation constraint: INIT=0	 : Q4
  implementation constraint: INIT=0	 : Q5
  implementation constraint: INIT=0	 : Q6
  implementation constraint: INIT=0	 : Q7

Optimizing unit <FD8CE_MXILINX_top_2> ...
  implementation constraint: INIT=0	 : Q0
  implementation constraint: INIT=0	 : Q1
  implementation constraint: INIT=0	 : Q2
  implementation constraint: INIT=0	 : Q3
  implementation constraint: INIT=0	 : Q4
  implementation constraint: INIT=0	 : Q5
  implementation constraint: INIT=0	 : Q6
  implementation constraint: INIT=0	 : Q7

Optimizing unit <BUFE8_MXILINX_top_1> ...

Optimizing unit <BUFE8_MXILINX_top_2> ...

Optimizing unit <D2_4E_MXILINX_top> ...

Optimizing unit <COMP4_MXILINX_top> ...

Optimizing unit <m030_bus_state_decoder> ...
  implementation constraint: INIT=r	 : state_reg_FSM_FFd2
  implementation constraint: INIT=r	 : state_reg_FSM_FFd1

Optimizing unit <addr_decode_combi> ...

=========================================================================
*                           Partition Report                            *
=========================================================================

Partition Implementation Status
-------------------------------

  No Partitions were found in this design.

-------------------------------

=========================================================================
*                            Final Report                               *
=========================================================================
Final Results
RTL Top Level Output File Name     : top.ngr
Top Level Output File Name         : top
Output Format                      : NGC
Optimization Goal                  : Speed
Keep Hierarchy                     : Yes
Target Technology                  : XC9500 CPLDs
Macro Preserve                     : YES
XOR Preserve                       : YES
wysiwyg                            : NO

Design Statistics
# IOs                              : 76

Cell Usage :
# BELS                             : 193
#      AND2                        : 58
#      AND3                        : 7
#      AND4                        : 1
#      AND5                        : 2
#      AND8                        : 2
#      INV                         : 79
#      OR2                         : 31
#      VCC                         : 1
#      XNOR2                       : 4
#      XOR2                        : 8
# FlipFlops/Latches                : 33
#      FDC                         : 11
#      FDCE                        : 16
#      FDP                         : 1
#      LD                          : 5
# Tri-States                       : 16
#      BUFE                        : 16
# IO Buffers                       : 84
#      IBUF                        : 52
#      OBUF                        : 24
#      OBUFT                       : 8
# Others                           : 4
#      AND3B1                      : 2
#      AND3B2                      : 1
#      NAND2                       : 1
=========================================================================


Total REAL time to Xst completion: 2.00 secs
Total CPU time to Xst completion: 2.09 secs
 
--> 


Total memory usage is 523020 kilobytes

Number of errors   :    0 (   0 filtered)
Number of warnings :   14 (   0 filtered)
Number of infos    :    2 (   0 filtered)

