Release 14.7 - xst P.20131013 (lin64)
Copyright (c) 1995-2013 Xilinx, Inc.  All rights reserved.
--> 
Parameter TMPDIR set to xst/projnav.tmp


Total REAL time to Xst completion: 0.00 secs
Total CPU time to Xst completion: 0.03 secs
 
--> 
Parameter xsthdpdir set to xst


Total REAL time to Xst completion: 0.00 secs
Total CPU time to Xst completion: 0.03 secs
 
--> 
Reading design: top.prj

TABLE OF CONTENTS
  1) Synthesis Options Summary
  2) HDL Compilation
  3) Design Hierarchy Analysis
  4) HDL Analysis
  5) HDL Synthesis
     5.1) HDL Synthesis Report
  6) Advanced HDL Synthesis
     6.1) Advanced HDL Synthesis Report
  7) Low Level Synthesis
  8) Partition Report
  9) Final Report

=========================================================================
*                      Synthesis Options Summary                        *
=========================================================================
---- Source Parameters
Input File Name                    : "top.prj"
Input Format                       : mixed
Ignore Synthesis Constraint File   : NO

---- Target Parameters
Output File Name                   : "top"
Output Format                      : NGC
Target Device                      : XC9500 CPLDs

---- Source Options
Top Module Name                    : top
Automatic FSM Extraction           : YES
FSM Encoding Algorithm             : Auto
Safe Implementation                : No
Mux Extraction                     : Yes
Resource Sharing                   : YES

---- Target Options
Add IO Buffers                     : YES
MACRO Preserve                     : YES
XOR Preserve                       : YES
Equivalent register Removal        : YES

---- General Options
Optimization Goal                  : Speed
Optimization Effort                : 2
Keep Hierarchy                     : Yes
Netlist Hierarchy                  : As_Optimized
RTL Output                         : Yes
Hierarchy Separator                : /
Bus Delimiter                      : <>
Case Specifier                     : Maintain
Verilog 2001                       : YES

---- Other Options
wysiwyg                            : NO

=========================================================================


=========================================================================
*                          HDL Compilation                              *
=========================================================================
Compiling vhdl file "/home/mike/devel/embedded/m68k/m68030-bbb-clone/xc95108-glue/addr_decode_combi.vhd" in Library work.
Architecture behavioral of Entity addr_decode_combi is up to date.
Compiling vhdl file "/home/mike/devel/embedded/m68k/m68030-bbb-clone/xc95108-glue/dynamic_sizer.vhd" in Library work.
Architecture behavioral of Entity dynamic_sizer is up to date.
Compiling verilog file "top.vf" in library work
Module <D2_4E_MXILINX_top> compiled
Module <OBUFE_MXILINX_top> compiled
Module <FD_MXILINX_top> compiled
Module <FDSE_MXILINX_top> compiled
Module <FTSRE_MXILINX_top> compiled
Module <COMP4_MXILINX_top> compiled
Module <M2_1_MXILINX_top> compiled
Module <FTCLE_MXILINX_top> compiled
Module <FD8CE_MXILINX_top> compiled
Module <BUFE8_MXILINX_top> compiled
Module <CB4CLE_MXILINX_top> compiled
Module <OBUFT8_MXILINX_top> compiled
Module <IBUF8_MXILINX_top> compiled
Module <IBUF16_MXILINX_top> compiled
Module <top> compiled
No errors in compilation
Analysis of file <"top.prj"> succeeded.
 

=========================================================================
*                     Design Hierarchy Analysis                         *
=========================================================================
Analyzing hierarchy for module <top> in library <work>.

Analyzing hierarchy for module <IBUF8_MXILINX_top> in library <work>.

Analyzing hierarchy for module <OBUFT8_MXILINX_top> in library <work>.

Analyzing hierarchy for module <IBUF16_MXILINX_top> in library <work>.

Analyzing hierarchy for module <IBUF16_MXILINX_top> in library <work>.

Analyzing hierarchy for module <BUFE8_MXILINX_top> in library <work>.

Analyzing hierarchy for module <FD8CE_MXILINX_top> in library <work>.

Analyzing hierarchy for module <BUFE8_MXILINX_top> in library <work>.

Analyzing hierarchy for module <FD8CE_MXILINX_top> in library <work>.

Analyzing hierarchy for entity <dynamic_sizer> in library <work> (architecture <behavioral>).

Analyzing hierarchy for entity <addr_decode_combi> in library <work> (architecture <behavioral>).

Analyzing hierarchy for module <D2_4E_MXILINX_top> in library <work>.

Analyzing hierarchy for module <OBUFE_MXILINX_top> in library <work>.

Analyzing hierarchy for module <OBUFE_MXILINX_top> in library <work>.

Analyzing hierarchy for module <OBUFE_MXILINX_top> in library <work>.

Analyzing hierarchy for module <CB4CLE_MXILINX_top> in library <work>.

Analyzing hierarchy for module <OBUFE_MXILINX_top> in library <work>.

Analyzing hierarchy for module <OBUFE_MXILINX_top> in library <work>.

Analyzing hierarchy for module <FTCLE_MXILINX_top> in library <work> with parameters.
	INIT = "0"

Analyzing hierarchy for module <COMP4_MXILINX_top> in library <work>.

Analyzing hierarchy for module <FTSRE_MXILINX_top> in library <work> with parameters.
	INIT = "0"

Analyzing hierarchy for module <FTSRE_MXILINX_top> in library <work> with parameters.
	INIT = "0"

Analyzing hierarchy for module <FTSRE_MXILINX_top> in library <work> with parameters.
	INIT = "0"

Analyzing hierarchy for module <FTSRE_MXILINX_top> in library <work> with parameters.
	INIT = "0"

Analyzing hierarchy for module <OBUFE_MXILINX_top> in library <work>.

Analyzing hierarchy for module <FTCLE_MXILINX_top> in library <work> with parameters.
	INIT = "0"

Analyzing hierarchy for module <FTCLE_MXILINX_top> in library <work> with parameters.
	INIT = "0"

Analyzing hierarchy for module <FTCLE_MXILINX_top> in library <work> with parameters.
	INIT = "0"

Analyzing hierarchy for module <FTCLE_MXILINX_top> in library <work> with parameters.
	INIT = "0"

Analyzing hierarchy for module <M2_1_MXILINX_top> in library <work>.

Analyzing hierarchy for module <FDSE_MXILINX_top> in library <work> with parameters.
	INIT = "1"

Analyzing hierarchy for module <FD_MXILINX_top> in library <work> with parameters.
	INIT = "0"

WARNING:Xst:2591 - "top.vf" line 873: attribute on instance <SLEW> overrides generic/parameter on entity. It is possible that simulator will not take this attribute into account.
WARNING:Xst:2591 - "top.vf" line 876: attribute on instance <SLEW> overrides generic/parameter on entity. It is possible that simulator will not take this attribute into account.

=========================================================================
*                            HDL Analysis                               *
=========================================================================
Analyzing top module <top>.
Module <top> is correct for synthesis.
 
    Set user-defined property "CAPACITANCE =  DONT_CARE" for instance <IBUF_nAS> in unit <top>.
    Set user-defined property "IBUF_DELAY_VALUE =  0" for instance <IBUF_nAS> in unit <top>.
    Set user-defined property "IBUF_LOW_PWR =  TRUE" for instance <IBUF_nAS> in unit <top>.
    Set user-defined property "IFD_DELAY_VALUE =  AUTO" for instance <IBUF_nAS> in unit <top>.
    Set user-defined property "IOSTANDARD =  DEFAULT" for instance <IBUF_nAS> in unit <top>.
    Set user-defined property "CAPACITANCE =  DONT_CARE" for instance <IBUF_nRESET> in unit <top>.
    Set user-defined property "IBUF_DELAY_VALUE =  0" for instance <IBUF_nRESET> in unit <top>.
    Set user-defined property "IBUF_LOW_PWR =  TRUE" for instance <IBUF_nRESET> in unit <top>.
    Set user-defined property "IFD_DELAY_VALUE =  AUTO" for instance <IBUF_nRESET> in unit <top>.
    Set user-defined property "IOSTANDARD =  DEFAULT" for instance <IBUF_nRESET> in unit <top>.
    Set user-defined property "CAPACITANCE =  DONT_CARE" for instance <IBUF_RnW> in unit <top>.
    Set user-defined property "IBUF_DELAY_VALUE =  0" for instance <IBUF_RnW> in unit <top>.
    Set user-defined property "IBUF_LOW_PWR =  TRUE" for instance <IBUF_RnW> in unit <top>.
    Set user-defined property "IFD_DELAY_VALUE =  AUTO" for instance <IBUF_RnW> in unit <top>.
    Set user-defined property "IOSTANDARD =  DEFAULT" for instance <IBUF_RnW> in unit <top>.
    Set user-defined property "CAPACITANCE =  DONT_CARE" for instance <IBUF_SIZ0> in unit <top>.
    Set user-defined property "IBUF_DELAY_VALUE =  0" for instance <IBUF_SIZ0> in unit <top>.
    Set user-defined property "IBUF_LOW_PWR =  TRUE" for instance <IBUF_SIZ0> in unit <top>.
    Set user-defined property "IFD_DELAY_VALUE =  AUTO" for instance <IBUF_SIZ0> in unit <top>.
    Set user-defined property "IOSTANDARD =  DEFAULT" for instance <IBUF_SIZ0> in unit <top>.
    Set user-defined property "CAPACITANCE =  DONT_CARE" for instance <IBUF_SIZ1> in unit <top>.
    Set user-defined property "IBUF_DELAY_VALUE =  0" for instance <IBUF_SIZ1> in unit <top>.
    Set user-defined property "IBUF_LOW_PWR =  TRUE" for instance <IBUF_SIZ1> in unit <top>.
    Set user-defined property "IFD_DELAY_VALUE =  AUTO" for instance <IBUF_SIZ1> in unit <top>.
    Set user-defined property "IOSTANDARD =  DEFAULT" for instance <IBUF_SIZ1> in unit <top>.
    Set user-defined property "CAPACITANCE =  DONT_CARE" for instance <IBUF_SYSCLK> in unit <top>.
    Set user-defined property "IBUF_DELAY_VALUE =  0" for instance <IBUF_SYSCLK> in unit <top>.
    Set user-defined property "IBUF_LOW_PWR =  TRUE" for instance <IBUF_SYSCLK> in unit <top>.
    Set user-defined property "IFD_DELAY_VALUE =  AUTO" for instance <IBUF_SYSCLK> in unit <top>.
    Set user-defined property "IOSTANDARD =  DEFAULT" for instance <IBUF_SYSCLK> in unit <top>.
    Set user-defined property "CAPACITANCE =  DONT_CARE" for instance <XLXI_17> in unit <top>.
    Set user-defined property "IBUF_DELAY_VALUE =  0" for instance <XLXI_17> in unit <top>.
    Set user-defined property "IBUF_LOW_PWR =  TRUE" for instance <XLXI_17> in unit <top>.
    Set user-defined property "IFD_DELAY_VALUE =  AUTO" for instance <XLXI_17> in unit <top>.
    Set user-defined property "IOSTANDARD =  DEFAULT" for instance <XLXI_17> in unit <top>.
    Set user-defined property "CAPACITANCE =  DONT_CARE" for instance <XLXI_32> in unit <top>.
    Set user-defined property "IBUF_DELAY_VALUE =  0" for instance <XLXI_32> in unit <top>.
    Set user-defined property "IBUF_LOW_PWR =  TRUE" for instance <XLXI_32> in unit <top>.
    Set user-defined property "IFD_DELAY_VALUE =  AUTO" for instance <XLXI_32> in unit <top>.
    Set user-defined property "IOSTANDARD =  DEFAULT" for instance <XLXI_32> in unit <top>.
    Set user-defined property "CAPACITANCE =  DONT_CARE" for instance <XLXI_37> in unit <top>.
    Set user-defined property "IBUF_DELAY_VALUE =  0" for instance <XLXI_37> in unit <top>.
    Set user-defined property "IBUF_LOW_PWR =  TRUE" for instance <XLXI_37> in unit <top>.
    Set user-defined property "IFD_DELAY_VALUE =  AUTO" for instance <XLXI_37> in unit <top>.
    Set user-defined property "IOSTANDARD =  DEFAULT" for instance <XLXI_37> in unit <top>.
    Set user-defined property "CAPACITANCE =  DONT_CARE" for instance <XLXI_40> in unit <top>.
    Set user-defined property "IBUF_DELAY_VALUE =  0" for instance <XLXI_40> in unit <top>.
    Set user-defined property "IBUF_LOW_PWR =  TRUE" for instance <XLXI_40> in unit <top>.
    Set user-defined property "IFD_DELAY_VALUE =  AUTO" for instance <XLXI_40> in unit <top>.
    Set user-defined property "IOSTANDARD =  DEFAULT" for instance <XLXI_40> in unit <top>.
    Set user-defined property "CAPACITANCE =  DONT_CARE" for instance <XLXI_44> in unit <top>.
    Set user-defined property "DRIVE =  12" for instance <XLXI_44> in unit <top>.
    Set user-defined property "IOSTANDARD =  DEFAULT" for instance <XLXI_44> in unit <top>.
    Set user-defined property "SLEW =  SLOW" for instance <XLXI_44> in unit <top>.
    Set user-defined property "CAPACITANCE =  DONT_CARE" for instance <XLXI_45> in unit <top>.
    Set user-defined property "DRIVE =  12" for instance <XLXI_45> in unit <top>.
    Set user-defined property "IOSTANDARD =  DEFAULT" for instance <XLXI_45> in unit <top>.
    Set user-defined property "SLEW =  SLOW" for instance <XLXI_45> in unit <top>.
    Set user-defined property "HU_SET =  DI_BUF_9" for instance <DI_BUF> in unit <top>.
    Set user-defined property "HU_SET =  DO_BUF_10" for instance <DO_BUF> in unit <top>.
    Set user-defined property "SLEW =  FAST" for instance <DO_BUF> in unit <top>.
    Set user-defined property "HU_SET =  IBUFA_A_7" for instance <IBUFA_A> in unit <top>.
    Set user-defined property "HU_SET =  IBUFA_B_8" for instance <IBUFA_B> in unit <top>.
    Set user-defined property "HU_SET =  REG0BUF_15" for instance <REG0BUF> in unit <top>.
    Set user-defined property "HU_SET =  REG0_INST_16" for instance <REG0_INST> in unit <top>.
    Set user-defined property "HU_SET =  REG1OBUF_17" for instance <REG1OBUF> in unit <top>.
    Set user-defined property "HU_SET =  REG1_INST_18" for instance <REG1_INST> in unit <top>.
    Set user-defined property "HU_SET =  XLXI_163_28" for instance <XLXI_163> in unit <top>.
    Set user-defined property "HU_SET =  XLXI_189_12" for instance <XLXI_189> in unit <top>.
    Set user-defined property "HU_SET =  XLXI_192_13" for instance <XLXI_192> in unit <top>.
    Set user-defined property "HU_SET =  XLXI_195_14" for instance <XLXI_195> in unit <top>.
    Set user-defined property "HU_SET =  XLXI_198_11" for instance <XLXI_198> in unit <top>.
    Set user-defined property "HU_SET =  XLXI_309_19" for instance <XLXI_309> in unit <top>.
    Set user-defined property "HU_SET =  XLXI_310_20" for instance <XLXI_310> in unit <top>.
    Set user-defined property "HU_SET =  XLXI_314_21" for instance <XLXI_314> in unit <top>.
    Set user-defined property "HU_SET =  XLXI_329_22" for instance <XLXI_329> in unit <top>.
    Set user-defined property "HU_SET =  XLXI_334_23" for instance <XLXI_334> in unit <top>.
    Set user-defined property "HU_SET =  XLXI_342_24" for instance <XLXI_342> in unit <top>.
    Set user-defined property "HU_SET =  XLXI_390_25" for instance <XLXI_390> in unit <top>.
    Set user-defined property "HU_SET =  XLXI_393_26" for instance <XLXI_393> in unit <top>.
    Set user-defined property "HU_SET =  XLXI_412_27" for instance <XLXI_412> in unit <top>.
    Set user-defined property "LOC =  P99" for signal <nRESET_EXT> in unit <top>.
    Set user-defined property "LOC =  P10" for signal <nBERR> in unit <top>.
    Set user-defined property "LOC =  P6" for signal <nDSACK0> in unit <top>.
    Set user-defined property "LOC =  P7" for signal <nDSACK1> in unit <top>.
    Set user-defined property "LOC =  P9" for signal <nHALT> in unit <top>.
    Set user-defined property "LOC =  P8" for signal <nSTERM> in unit <top>.
    Set user-defined property "SLEW =  FAST" for signal <D_EXT> in unit <top>.
Analyzing module <IBUF8_MXILINX_top> in library <work>.
Module <IBUF8_MXILINX_top> is correct for synthesis.
 
    Set user-defined property "CAPACITANCE =  DONT_CARE" for instance <I_36_30> in unit <IBUF8_MXILINX_top>.
    Set user-defined property "IBUF_DELAY_VALUE =  0" for instance <I_36_30> in unit <IBUF8_MXILINX_top>.
    Set user-defined property "IBUF_LOW_PWR =  TRUE" for instance <I_36_30> in unit <IBUF8_MXILINX_top>.
    Set user-defined property "IFD_DELAY_VALUE =  AUTO" for instance <I_36_30> in unit <IBUF8_MXILINX_top>.
    Set user-defined property "IOSTANDARD =  DEFAULT" for instance <I_36_30> in unit <IBUF8_MXILINX_top>.
    Set user-defined property "CAPACITANCE =  DONT_CARE" for instance <I_36_31> in unit <IBUF8_MXILINX_top>.
    Set user-defined property "IBUF_DELAY_VALUE =  0" for instance <I_36_31> in unit <IBUF8_MXILINX_top>.
    Set user-defined property "IBUF_LOW_PWR =  TRUE" for instance <I_36_31> in unit <IBUF8_MXILINX_top>.
    Set user-defined property "IFD_DELAY_VALUE =  AUTO" for instance <I_36_31> in unit <IBUF8_MXILINX_top>.
    Set user-defined property "IOSTANDARD =  DEFAULT" for instance <I_36_31> in unit <IBUF8_MXILINX_top>.
    Set user-defined property "CAPACITANCE =  DONT_CARE" for instance <I_36_32> in unit <IBUF8_MXILINX_top>.
    Set user-defined property "IBUF_DELAY_VALUE =  0" for instance <I_36_32> in unit <IBUF8_MXILINX_top>.
    Set user-defined property "IBUF_LOW_PWR =  TRUE" for instance <I_36_32> in unit <IBUF8_MXILINX_top>.
    Set user-defined property "IFD_DELAY_VALUE =  AUTO" for instance <I_36_32> in unit <IBUF8_MXILINX_top>.
    Set user-defined property "IOSTANDARD =  DEFAULT" for instance <I_36_32> in unit <IBUF8_MXILINX_top>.
    Set user-defined property "CAPACITANCE =  DONT_CARE" for instance <I_36_33> in unit <IBUF8_MXILINX_top>.
    Set user-defined property "IBUF_DELAY_VALUE =  0" for instance <I_36_33> in unit <IBUF8_MXILINX_top>.
    Set user-defined property "IBUF_LOW_PWR =  TRUE" for instance <I_36_33> in unit <IBUF8_MXILINX_top>.
    Set user-defined property "IFD_DELAY_VALUE =  AUTO" for instance <I_36_33> in unit <IBUF8_MXILINX_top>.
    Set user-defined property "IOSTANDARD =  DEFAULT" for instance <I_36_33> in unit <IBUF8_MXILINX_top>.
    Set user-defined property "CAPACITANCE =  DONT_CARE" for instance <I_36_34> in unit <IBUF8_MXILINX_top>.
    Set user-defined property "IBUF_DELAY_VALUE =  0" for instance <I_36_34> in unit <IBUF8_MXILINX_top>.
    Set user-defined property "IBUF_LOW_PWR =  TRUE" for instance <I_36_34> in unit <IBUF8_MXILINX_top>.
    Set user-defined property "IFD_DELAY_VALUE =  AUTO" for instance <I_36_34> in unit <IBUF8_MXILINX_top>.
    Set user-defined property "IOSTANDARD =  DEFAULT" for instance <I_36_34> in unit <IBUF8_MXILINX_top>.
    Set user-defined property "CAPACITANCE =  DONT_CARE" for instance <I_36_35> in unit <IBUF8_MXILINX_top>.
    Set user-defined property "IBUF_DELAY_VALUE =  0" for instance <I_36_35> in unit <IBUF8_MXILINX_top>.
    Set user-defined property "IBUF_LOW_PWR =  TRUE" for instance <I_36_35> in unit <IBUF8_MXILINX_top>.
    Set user-defined property "IFD_DELAY_VALUE =  AUTO" for instance <I_36_35> in unit <IBUF8_MXILINX_top>.
    Set user-defined property "IOSTANDARD =  DEFAULT" for instance <I_36_35> in unit <IBUF8_MXILINX_top>.
    Set user-defined property "CAPACITANCE =  DONT_CARE" for instance <I_36_36> in unit <IBUF8_MXILINX_top>.
    Set user-defined property "IBUF_DELAY_VALUE =  0" for instance <I_36_36> in unit <IBUF8_MXILINX_top>.
    Set user-defined property "IBUF_LOW_PWR =  TRUE" for instance <I_36_36> in unit <IBUF8_MXILINX_top>.
    Set user-defined property "IFD_DELAY_VALUE =  AUTO" for instance <I_36_36> in unit <IBUF8_MXILINX_top>.
    Set user-defined property "IOSTANDARD =  DEFAULT" for instance <I_36_36> in unit <IBUF8_MXILINX_top>.
    Set user-defined property "CAPACITANCE =  DONT_CARE" for instance <I_36_37> in unit <IBUF8_MXILINX_top>.
    Set user-defined property "IBUF_DELAY_VALUE =  0" for instance <I_36_37> in unit <IBUF8_MXILINX_top>.
    Set user-defined property "IBUF_LOW_PWR =  TRUE" for instance <I_36_37> in unit <IBUF8_MXILINX_top>.
    Set user-defined property "IFD_DELAY_VALUE =  AUTO" for instance <I_36_37> in unit <IBUF8_MXILINX_top>.
    Set user-defined property "IOSTANDARD =  DEFAULT" for instance <I_36_37> in unit <IBUF8_MXILINX_top>.
Analyzing module <OBUFT8_MXILINX_top> in library <work>.
Module <OBUFT8_MXILINX_top> is correct for synthesis.
 
    Set user-defined property "CAPACITANCE =  DONT_CARE" for instance <I_36_30> in unit <OBUFT8_MXILINX_top>.
    Set user-defined property "DRIVE =  12" for instance <I_36_30> in unit <OBUFT8_MXILINX_top>.
    Set user-defined property "IOSTANDARD =  DEFAULT" for instance <I_36_30> in unit <OBUFT8_MXILINX_top>.
    Set user-defined property "SLEW =  SLOW" for instance <I_36_30> in unit <OBUFT8_MXILINX_top>.
    Set user-defined property "CAPACITANCE =  DONT_CARE" for instance <I_36_31> in unit <OBUFT8_MXILINX_top>.
    Set user-defined property "DRIVE =  12" for instance <I_36_31> in unit <OBUFT8_MXILINX_top>.
    Set user-defined property "IOSTANDARD =  DEFAULT" for instance <I_36_31> in unit <OBUFT8_MXILINX_top>.
    Set user-defined property "SLEW =  SLOW" for instance <I_36_31> in unit <OBUFT8_MXILINX_top>.
    Set user-defined property "CAPACITANCE =  DONT_CARE" for instance <I_36_32> in unit <OBUFT8_MXILINX_top>.
    Set user-defined property "DRIVE =  12" for instance <I_36_32> in unit <OBUFT8_MXILINX_top>.
    Set user-defined property "IOSTANDARD =  DEFAULT" for instance <I_36_32> in unit <OBUFT8_MXILINX_top>.
    Set user-defined property "SLEW =  SLOW" for instance <I_36_32> in unit <OBUFT8_MXILINX_top>.
    Set user-defined property "CAPACITANCE =  DONT_CARE" for instance <I_36_33> in unit <OBUFT8_MXILINX_top>.
    Set user-defined property "DRIVE =  12" for instance <I_36_33> in unit <OBUFT8_MXILINX_top>.
    Set user-defined property "IOSTANDARD =  DEFAULT" for instance <I_36_33> in unit <OBUFT8_MXILINX_top>.
    Set user-defined property "SLEW =  SLOW" for instance <I_36_33> in unit <OBUFT8_MXILINX_top>.
    Set user-defined property "CAPACITANCE =  DONT_CARE" for instance <I_36_34> in unit <OBUFT8_MXILINX_top>.
    Set user-defined property "DRIVE =  12" for instance <I_36_34> in unit <OBUFT8_MXILINX_top>.
    Set user-defined property "IOSTANDARD =  DEFAULT" for instance <I_36_34> in unit <OBUFT8_MXILINX_top>.
    Set user-defined property "SLEW =  SLOW" for instance <I_36_34> in unit <OBUFT8_MXILINX_top>.
    Set user-defined property "CAPACITANCE =  DONT_CARE" for instance <I_36_35> in unit <OBUFT8_MXILINX_top>.
    Set user-defined property "DRIVE =  12" for instance <I_36_35> in unit <OBUFT8_MXILINX_top>.
    Set user-defined property "IOSTANDARD =  DEFAULT" for instance <I_36_35> in unit <OBUFT8_MXILINX_top>.
    Set user-defined property "SLEW =  SLOW" for instance <I_36_35> in unit <OBUFT8_MXILINX_top>.
    Set user-defined property "CAPACITANCE =  DONT_CARE" for instance <I_36_36> in unit <OBUFT8_MXILINX_top>.
    Set user-defined property "DRIVE =  12" for instance <I_36_36> in unit <OBUFT8_MXILINX_top>.
    Set user-defined property "IOSTANDARD =  DEFAULT" for instance <I_36_36> in unit <OBUFT8_MXILINX_top>.
    Set user-defined property "SLEW =  SLOW" for instance <I_36_36> in unit <OBUFT8_MXILINX_top>.
    Set user-defined property "CAPACITANCE =  DONT_CARE" for instance <I_36_37> in unit <OBUFT8_MXILINX_top>.
    Set user-defined property "DRIVE =  12" for instance <I_36_37> in unit <OBUFT8_MXILINX_top>.
    Set user-defined property "IOSTANDARD =  DEFAULT" for instance <I_36_37> in unit <OBUFT8_MXILINX_top>.
    Set user-defined property "SLEW =  SLOW" for instance <I_36_37> in unit <OBUFT8_MXILINX_top>.
Analyzing module <IBUF16_MXILINX_top.1> in library <work>.
Module <IBUF16_MXILINX_top.1> is correct for synthesis.
 
    Set user-defined property "CAPACITANCE =  DONT_CARE" for instance <I_36_30> in unit <IBUF16_MXILINX_top.1>.
    Set user-defined property "IBUF_DELAY_VALUE =  0" for instance <I_36_30> in unit <IBUF16_MXILINX_top.1>.
    Set user-defined property "IBUF_LOW_PWR =  TRUE" for instance <I_36_30> in unit <IBUF16_MXILINX_top.1>.
    Set user-defined property "IFD_DELAY_VALUE =  AUTO" for instance <I_36_30> in unit <IBUF16_MXILINX_top.1>.
    Set user-defined property "IOSTANDARD =  DEFAULT" for instance <I_36_30> in unit <IBUF16_MXILINX_top.1>.
    Set user-defined property "CAPACITANCE =  DONT_CARE" for instance <I_36_31> in unit <IBUF16_MXILINX_top.1>.
    Set user-defined property "IBUF_DELAY_VALUE =  0" for instance <I_36_31> in unit <IBUF16_MXILINX_top.1>.
    Set user-defined property "IBUF_LOW_PWR =  TRUE" for instance <I_36_31> in unit <IBUF16_MXILINX_top.1>.
    Set user-defined property "IFD_DELAY_VALUE =  AUTO" for instance <I_36_31> in unit <IBUF16_MXILINX_top.1>.
    Set user-defined property "IOSTANDARD =  DEFAULT" for instance <I_36_31> in unit <IBUF16_MXILINX_top.1>.
    Set user-defined property "CAPACITANCE =  DONT_CARE" for instance <I_36_32> in unit <IBUF16_MXILINX_top.1>.
    Set user-defined property "IBUF_DELAY_VALUE =  0" for instance <I_36_32> in unit <IBUF16_MXILINX_top.1>.
    Set user-defined property "IBUF_LOW_PWR =  TRUE" for instance <I_36_32> in unit <IBUF16_MXILINX_top.1>.
    Set user-defined property "IFD_DELAY_VALUE =  AUTO" for instance <I_36_32> in unit <IBUF16_MXILINX_top.1>.
    Set user-defined property "IOSTANDARD =  DEFAULT" for instance <I_36_32> in unit <IBUF16_MXILINX_top.1>.
    Set user-defined property "CAPACITANCE =  DONT_CARE" for instance <I_36_33> in unit <IBUF16_MXILINX_top.1>.
    Set user-defined property "IBUF_DELAY_VALUE =  0" for instance <I_36_33> in unit <IBUF16_MXILINX_top.1>.
    Set user-defined property "IBUF_LOW_PWR =  TRUE" for instance <I_36_33> in unit <IBUF16_MXILINX_top.1>.
    Set user-defined property "IFD_DELAY_VALUE =  AUTO" for instance <I_36_33> in unit <IBUF16_MXILINX_top.1>.
    Set user-defined property "IOSTANDARD =  DEFAULT" for instance <I_36_33> in unit <IBUF16_MXILINX_top.1>.
    Set user-defined property "CAPACITANCE =  DONT_CARE" for instance <I_36_34> in unit <IBUF16_MXILINX_top.1>.
    Set user-defined property "IBUF_DELAY_VALUE =  0" for instance <I_36_34> in unit <IBUF16_MXILINX_top.1>.
    Set user-defined property "IBUF_LOW_PWR =  TRUE" for instance <I_36_34> in unit <IBUF16_MXILINX_top.1>.
    Set user-defined property "IFD_DELAY_VALUE =  AUTO" for instance <I_36_34> in unit <IBUF16_MXILINX_top.1>.
    Set user-defined property "IOSTANDARD =  DEFAULT" for instance <I_36_34> in unit <IBUF16_MXILINX_top.1>.
    Set user-defined property "CAPACITANCE =  DONT_CARE" for instance <I_36_35> in unit <IBUF16_MXILINX_top.1>.
    Set user-defined property "IBUF_DELAY_VALUE =  0" for instance <I_36_35> in unit <IBUF16_MXILINX_top.1>.
    Set user-defined property "IBUF_LOW_PWR =  TRUE" for instance <I_36_35> in unit <IBUF16_MXILINX_top.1>.
    Set user-defined property "IFD_DELAY_VALUE =  AUTO" for instance <I_36_35> in unit <IBUF16_MXILINX_top.1>.
    Set user-defined property "IOSTANDARD =  DEFAULT" for instance <I_36_35> in unit <IBUF16_MXILINX_top.1>.
    Set user-defined property "CAPACITANCE =  DONT_CARE" for instance <I_36_36> in unit <IBUF16_MXILINX_top.1>.
    Set user-defined property "IBUF_DELAY_VALUE =  0" for instance <I_36_36> in unit <IBUF16_MXILINX_top.1>.
    Set user-defined property "IBUF_LOW_PWR =  TRUE" for instance <I_36_36> in unit <IBUF16_MXILINX_top.1>.
    Set user-defined property "IFD_DELAY_VALUE =  AUTO" for instance <I_36_36> in unit <IBUF16_MXILINX_top.1>.
    Set user-defined property "IOSTANDARD =  DEFAULT" for instance <I_36_36> in unit <IBUF16_MXILINX_top.1>.
    Set user-defined property "CAPACITANCE =  DONT_CARE" for instance <I_36_37> in unit <IBUF16_MXILINX_top.1>.
    Set user-defined property "IBUF_DELAY_VALUE =  0" for instance <I_36_37> in unit <IBUF16_MXILINX_top.1>.
    Set user-defined property "IBUF_LOW_PWR =  TRUE" for instance <I_36_37> in unit <IBUF16_MXILINX_top.1>.
    Set user-defined property "IFD_DELAY_VALUE =  AUTO" for instance <I_36_37> in unit <IBUF16_MXILINX_top.1>.
    Set user-defined property "IOSTANDARD =  DEFAULT" for instance <I_36_37> in unit <IBUF16_MXILINX_top.1>.
    Set user-defined property "CAPACITANCE =  DONT_CARE" for instance <I_36_38> in unit <IBUF16_MXILINX_top.1>.
    Set user-defined property "IBUF_DELAY_VALUE =  0" for instance <I_36_38> in unit <IBUF16_MXILINX_top.1>.
    Set user-defined property "IBUF_LOW_PWR =  TRUE" for instance <I_36_38> in unit <IBUF16_MXILINX_top.1>.
    Set user-defined property "IFD_DELAY_VALUE =  AUTO" for instance <I_36_38> in unit <IBUF16_MXILINX_top.1>.
    Set user-defined property "IOSTANDARD =  DEFAULT" for instance <I_36_38> in unit <IBUF16_MXILINX_top.1>.
    Set user-defined property "CAPACITANCE =  DONT_CARE" for instance <I_36_39> in unit <IBUF16_MXILINX_top.1>.
    Set user-defined property "IBUF_DELAY_VALUE =  0" for instance <I_36_39> in unit <IBUF16_MXILINX_top.1>.
    Set user-defined property "IBUF_LOW_PWR =  TRUE" for instance <I_36_39> in unit <IBUF16_MXILINX_top.1>.
    Set user-defined property "IFD_DELAY_VALUE =  AUTO" for instance <I_36_39> in unit <IBUF16_MXILINX_top.1>.
    Set user-defined property "IOSTANDARD =  DEFAULT" for instance <I_36_39> in unit <IBUF16_MXILINX_top.1>.
    Set user-defined property "CAPACITANCE =  DONT_CARE" for instance <I_36_40> in unit <IBUF16_MXILINX_top.1>.
    Set user-defined property "IBUF_DELAY_VALUE =  0" for instance <I_36_40> in unit <IBUF16_MXILINX_top.1>.
    Set user-defined property "IBUF_LOW_PWR =  TRUE" for instance <I_36_40> in unit <IBUF16_MXILINX_top.1>.
    Set user-defined property "IFD_DELAY_VALUE =  AUTO" for instance <I_36_40> in unit <IBUF16_MXILINX_top.1>.
    Set user-defined property "IOSTANDARD =  DEFAULT" for instance <I_36_40> in unit <IBUF16_MXILINX_top.1>.
    Set user-defined property "CAPACITANCE =  DONT_CARE" for instance <I_36_41> in unit <IBUF16_MXILINX_top.1>.
    Set user-defined property "IBUF_DELAY_VALUE =  0" for instance <I_36_41> in unit <IBUF16_MXILINX_top.1>.
    Set user-defined property "IBUF_LOW_PWR =  TRUE" for instance <I_36_41> in unit <IBUF16_MXILINX_top.1>.
    Set user-defined property "IFD_DELAY_VALUE =  AUTO" for instance <I_36_41> in unit <IBUF16_MXILINX_top.1>.
    Set user-defined property "IOSTANDARD =  DEFAULT" for instance <I_36_41> in unit <IBUF16_MXILINX_top.1>.
    Set user-defined property "CAPACITANCE =  DONT_CARE" for instance <I_36_42> in unit <IBUF16_MXILINX_top.1>.
    Set user-defined property "IBUF_DELAY_VALUE =  0" for instance <I_36_42> in unit <IBUF16_MXILINX_top.1>.
    Set user-defined property "IBUF_LOW_PWR =  TRUE" for instance <I_36_42> in unit <IBUF16_MXILINX_top.1>.
    Set user-defined property "IFD_DELAY_VALUE =  AUTO" for instance <I_36_42> in unit <IBUF16_MXILINX_top.1>.
    Set user-defined property "IOSTANDARD =  DEFAULT" for instance <I_36_42> in unit <IBUF16_MXILINX_top.1>.
    Set user-defined property "CAPACITANCE =  DONT_CARE" for instance <I_36_43> in unit <IBUF16_MXILINX_top.1>.
    Set user-defined property "IBUF_DELAY_VALUE =  0" for instance <I_36_43> in unit <IBUF16_MXILINX_top.1>.
    Set user-defined property "IBUF_LOW_PWR =  TRUE" for instance <I_36_43> in unit <IBUF16_MXILINX_top.1>.
    Set user-defined property "IFD_DELAY_VALUE =  AUTO" for instance <I_36_43> in unit <IBUF16_MXILINX_top.1>.
    Set user-defined property "IOSTANDARD =  DEFAULT" for instance <I_36_43> in unit <IBUF16_MXILINX_top.1>.
    Set user-defined property "CAPACITANCE =  DONT_CARE" for instance <I_36_44> in unit <IBUF16_MXILINX_top.1>.
    Set user-defined property "IBUF_DELAY_VALUE =  0" for instance <I_36_44> in unit <IBUF16_MXILINX_top.1>.
    Set user-defined property "IBUF_LOW_PWR =  TRUE" for instance <I_36_44> in unit <IBUF16_MXILINX_top.1>.
    Set user-defined property "IFD_DELAY_VALUE =  AUTO" for instance <I_36_44> in unit <IBUF16_MXILINX_top.1>.
    Set user-defined property "IOSTANDARD =  DEFAULT" for instance <I_36_44> in unit <IBUF16_MXILINX_top.1>.
    Set user-defined property "CAPACITANCE =  DONT_CARE" for instance <I_36_45> in unit <IBUF16_MXILINX_top.1>.
    Set user-defined property "IBUF_DELAY_VALUE =  0" for instance <I_36_45> in unit <IBUF16_MXILINX_top.1>.
    Set user-defined property "IBUF_LOW_PWR =  TRUE" for instance <I_36_45> in unit <IBUF16_MXILINX_top.1>.
    Set user-defined property "IFD_DELAY_VALUE =  AUTO" for instance <I_36_45> in unit <IBUF16_MXILINX_top.1>.
    Set user-defined property "IOSTANDARD =  DEFAULT" for instance <I_36_45> in unit <IBUF16_MXILINX_top.1>.
Analyzing module <IBUF16_MXILINX_top.2> in library <work>.
Module <IBUF16_MXILINX_top.2> is correct for synthesis.
 
    Set user-defined property "CAPACITANCE =  DONT_CARE" for instance <I_36_30> in unit <IBUF16_MXILINX_top.2>.
    Set user-defined property "IBUF_DELAY_VALUE =  0" for instance <I_36_30> in unit <IBUF16_MXILINX_top.2>.
    Set user-defined property "IBUF_LOW_PWR =  TRUE" for instance <I_36_30> in unit <IBUF16_MXILINX_top.2>.
    Set user-defined property "IFD_DELAY_VALUE =  AUTO" for instance <I_36_30> in unit <IBUF16_MXILINX_top.2>.
    Set user-defined property "IOSTANDARD =  DEFAULT" for instance <I_36_30> in unit <IBUF16_MXILINX_top.2>.
    Set user-defined property "CAPACITANCE =  DONT_CARE" for instance <I_36_31> in unit <IBUF16_MXILINX_top.2>.
    Set user-defined property "IBUF_DELAY_VALUE =  0" for instance <I_36_31> in unit <IBUF16_MXILINX_top.2>.
    Set user-defined property "IBUF_LOW_PWR =  TRUE" for instance <I_36_31> in unit <IBUF16_MXILINX_top.2>.
    Set user-defined property "IFD_DELAY_VALUE =  AUTO" for instance <I_36_31> in unit <IBUF16_MXILINX_top.2>.
    Set user-defined property "IOSTANDARD =  DEFAULT" for instance <I_36_31> in unit <IBUF16_MXILINX_top.2>.
    Set user-defined property "CAPACITANCE =  DONT_CARE" for instance <I_36_32> in unit <IBUF16_MXILINX_top.2>.
    Set user-defined property "IBUF_DELAY_VALUE =  0" for instance <I_36_32> in unit <IBUF16_MXILINX_top.2>.
    Set user-defined property "IBUF_LOW_PWR =  TRUE" for instance <I_36_32> in unit <IBUF16_MXILINX_top.2>.
    Set user-defined property "IFD_DELAY_VALUE =  AUTO" for instance <I_36_32> in unit <IBUF16_MXILINX_top.2>.
    Set user-defined property "IOSTANDARD =  DEFAULT" for instance <I_36_32> in unit <IBUF16_MXILINX_top.2>.
    Set user-defined property "CAPACITANCE =  DONT_CARE" for instance <I_36_33> in unit <IBUF16_MXILINX_top.2>.
    Set user-defined property "IBUF_DELAY_VALUE =  0" for instance <I_36_33> in unit <IBUF16_MXILINX_top.2>.
    Set user-defined property "IBUF_LOW_PWR =  TRUE" for instance <I_36_33> in unit <IBUF16_MXILINX_top.2>.
    Set user-defined property "IFD_DELAY_VALUE =  AUTO" for instance <I_36_33> in unit <IBUF16_MXILINX_top.2>.
    Set user-defined property "IOSTANDARD =  DEFAULT" for instance <I_36_33> in unit <IBUF16_MXILINX_top.2>.
    Set user-defined property "CAPACITANCE =  DONT_CARE" for instance <I_36_34> in unit <IBUF16_MXILINX_top.2>.
    Set user-defined property "IBUF_DELAY_VALUE =  0" for instance <I_36_34> in unit <IBUF16_MXILINX_top.2>.
    Set user-defined property "IBUF_LOW_PWR =  TRUE" for instance <I_36_34> in unit <IBUF16_MXILINX_top.2>.
    Set user-defined property "IFD_DELAY_VALUE =  AUTO" for instance <I_36_34> in unit <IBUF16_MXILINX_top.2>.
    Set user-defined property "IOSTANDARD =  DEFAULT" for instance <I_36_34> in unit <IBUF16_MXILINX_top.2>.
    Set user-defined property "CAPACITANCE =  DONT_CARE" for instance <I_36_35> in unit <IBUF16_MXILINX_top.2>.
    Set user-defined property "IBUF_DELAY_VALUE =  0" for instance <I_36_35> in unit <IBUF16_MXILINX_top.2>.
    Set user-defined property "IBUF_LOW_PWR =  TRUE" for instance <I_36_35> in unit <IBUF16_MXILINX_top.2>.
    Set user-defined property "IFD_DELAY_VALUE =  AUTO" for instance <I_36_35> in unit <IBUF16_MXILINX_top.2>.
    Set user-defined property "IOSTANDARD =  DEFAULT" for instance <I_36_35> in unit <IBUF16_MXILINX_top.2>.
    Set user-defined property "CAPACITANCE =  DONT_CARE" for instance <I_36_36> in unit <IBUF16_MXILINX_top.2>.
    Set user-defined property "IBUF_DELAY_VALUE =  0" for instance <I_36_36> in unit <IBUF16_MXILINX_top.2>.
    Set user-defined property "IBUF_LOW_PWR =  TRUE" for instance <I_36_36> in unit <IBUF16_MXILINX_top.2>.
    Set user-defined property "IFD_DELAY_VALUE =  AUTO" for instance <I_36_36> in unit <IBUF16_MXILINX_top.2>.
    Set user-defined property "IOSTANDARD =  DEFAULT" for instance <I_36_36> in unit <IBUF16_MXILINX_top.2>.
    Set user-defined property "CAPACITANCE =  DONT_CARE" for instance <I_36_37> in unit <IBUF16_MXILINX_top.2>.
    Set user-defined property "IBUF_DELAY_VALUE =  0" for instance <I_36_37> in unit <IBUF16_MXILINX_top.2>.
    Set user-defined property "IBUF_LOW_PWR =  TRUE" for instance <I_36_37> in unit <IBUF16_MXILINX_top.2>.
    Set user-defined property "IFD_DELAY_VALUE =  AUTO" for instance <I_36_37> in unit <IBUF16_MXILINX_top.2>.
    Set user-defined property "IOSTANDARD =  DEFAULT" for instance <I_36_37> in unit <IBUF16_MXILINX_top.2>.
    Set user-defined property "CAPACITANCE =  DONT_CARE" for instance <I_36_38> in unit <IBUF16_MXILINX_top.2>.
    Set user-defined property "IBUF_DELAY_VALUE =  0" for instance <I_36_38> in unit <IBUF16_MXILINX_top.2>.
    Set user-defined property "IBUF_LOW_PWR =  TRUE" for instance <I_36_38> in unit <IBUF16_MXILINX_top.2>.
    Set user-defined property "IFD_DELAY_VALUE =  AUTO" for instance <I_36_38> in unit <IBUF16_MXILINX_top.2>.
    Set user-defined property "IOSTANDARD =  DEFAULT" for instance <I_36_38> in unit <IBUF16_MXILINX_top.2>.
    Set user-defined property "CAPACITANCE =  DONT_CARE" for instance <I_36_39> in unit <IBUF16_MXILINX_top.2>.
    Set user-defined property "IBUF_DELAY_VALUE =  0" for instance <I_36_39> in unit <IBUF16_MXILINX_top.2>.
    Set user-defined property "IBUF_LOW_PWR =  TRUE" for instance <I_36_39> in unit <IBUF16_MXILINX_top.2>.
    Set user-defined property "IFD_DELAY_VALUE =  AUTO" for instance <I_36_39> in unit <IBUF16_MXILINX_top.2>.
    Set user-defined property "IOSTANDARD =  DEFAULT" for instance <I_36_39> in unit <IBUF16_MXILINX_top.2>.
    Set user-defined property "CAPACITANCE =  DONT_CARE" for instance <I_36_40> in unit <IBUF16_MXILINX_top.2>.
    Set user-defined property "IBUF_DELAY_VALUE =  0" for instance <I_36_40> in unit <IBUF16_MXILINX_top.2>.
    Set user-defined property "IBUF_LOW_PWR =  TRUE" for instance <I_36_40> in unit <IBUF16_MXILINX_top.2>.
    Set user-defined property "IFD_DELAY_VALUE =  AUTO" for instance <I_36_40> in unit <IBUF16_MXILINX_top.2>.
    Set user-defined property "IOSTANDARD =  DEFAULT" for instance <I_36_40> in unit <IBUF16_MXILINX_top.2>.
    Set user-defined property "CAPACITANCE =  DONT_CARE" for instance <I_36_41> in unit <IBUF16_MXILINX_top.2>.
    Set user-defined property "IBUF_DELAY_VALUE =  0" for instance <I_36_41> in unit <IBUF16_MXILINX_top.2>.
    Set user-defined property "IBUF_LOW_PWR =  TRUE" for instance <I_36_41> in unit <IBUF16_MXILINX_top.2>.
    Set user-defined property "IFD_DELAY_VALUE =  AUTO" for instance <I_36_41> in unit <IBUF16_MXILINX_top.2>.
    Set user-defined property "IOSTANDARD =  DEFAULT" for instance <I_36_41> in unit <IBUF16_MXILINX_top.2>.
    Set user-defined property "CAPACITANCE =  DONT_CARE" for instance <I_36_42> in unit <IBUF16_MXILINX_top.2>.
    Set user-defined property "IBUF_DELAY_VALUE =  0" for instance <I_36_42> in unit <IBUF16_MXILINX_top.2>.
    Set user-defined property "IBUF_LOW_PWR =  TRUE" for instance <I_36_42> in unit <IBUF16_MXILINX_top.2>.
    Set user-defined property "IFD_DELAY_VALUE =  AUTO" for instance <I_36_42> in unit <IBUF16_MXILINX_top.2>.
    Set user-defined property "IOSTANDARD =  DEFAULT" for instance <I_36_42> in unit <IBUF16_MXILINX_top.2>.
    Set user-defined property "CAPACITANCE =  DONT_CARE" for instance <I_36_43> in unit <IBUF16_MXILINX_top.2>.
    Set user-defined property "IBUF_DELAY_VALUE =  0" for instance <I_36_43> in unit <IBUF16_MXILINX_top.2>.
    Set user-defined property "IBUF_LOW_PWR =  TRUE" for instance <I_36_43> in unit <IBUF16_MXILINX_top.2>.
    Set user-defined property "IFD_DELAY_VALUE =  AUTO" for instance <I_36_43> in unit <IBUF16_MXILINX_top.2>.
    Set user-defined property "IOSTANDARD =  DEFAULT" for instance <I_36_43> in unit <IBUF16_MXILINX_top.2>.
    Set user-defined property "CAPACITANCE =  DONT_CARE" for instance <I_36_44> in unit <IBUF16_MXILINX_top.2>.
    Set user-defined property "IBUF_DELAY_VALUE =  0" for instance <I_36_44> in unit <IBUF16_MXILINX_top.2>.
    Set user-defined property "IBUF_LOW_PWR =  TRUE" for instance <I_36_44> in unit <IBUF16_MXILINX_top.2>.
    Set user-defined property "IFD_DELAY_VALUE =  AUTO" for instance <I_36_44> in unit <IBUF16_MXILINX_top.2>.
    Set user-defined property "IOSTANDARD =  DEFAULT" for instance <I_36_44> in unit <IBUF16_MXILINX_top.2>.
    Set user-defined property "CAPACITANCE =  DONT_CARE" for instance <I_36_45> in unit <IBUF16_MXILINX_top.2>.
    Set user-defined property "IBUF_DELAY_VALUE =  0" for instance <I_36_45> in unit <IBUF16_MXILINX_top.2>.
    Set user-defined property "IBUF_LOW_PWR =  TRUE" for instance <I_36_45> in unit <IBUF16_MXILINX_top.2>.
    Set user-defined property "IFD_DELAY_VALUE =  AUTO" for instance <I_36_45> in unit <IBUF16_MXILINX_top.2>.
    Set user-defined property "IOSTANDARD =  DEFAULT" for instance <I_36_45> in unit <IBUF16_MXILINX_top.2>.
Analyzing module <BUFE8_MXILINX_top.1> in library <work>.
Module <BUFE8_MXILINX_top.1> is correct for synthesis.
 
Analyzing module <FD8CE_MXILINX_top.1> in library <work>.
Module <FD8CE_MXILINX_top.1> is correct for synthesis.
 
    Set user-defined property "INIT =  0" for instance <Q0> in unit <FD8CE_MXILINX_top.1>.
    Set user-defined property "INIT =  0" for instance <Q1> in unit <FD8CE_MXILINX_top.1>.
    Set user-defined property "INIT =  0" for instance <Q2> in unit <FD8CE_MXILINX_top.1>.
    Set user-defined property "INIT =  0" for instance <Q3> in unit <FD8CE_MXILINX_top.1>.
    Set user-defined property "INIT =  0" for instance <Q4> in unit <FD8CE_MXILINX_top.1>.
    Set user-defined property "INIT =  0" for instance <Q5> in unit <FD8CE_MXILINX_top.1>.
    Set user-defined property "INIT =  0" for instance <Q6> in unit <FD8CE_MXILINX_top.1>.
    Set user-defined property "INIT =  0" for instance <Q7> in unit <FD8CE_MXILINX_top.1>.
Analyzing module <BUFE8_MXILINX_top.2> in library <work>.
Module <BUFE8_MXILINX_top.2> is correct for synthesis.
 
Analyzing module <FD8CE_MXILINX_top.2> in library <work>.
Module <FD8CE_MXILINX_top.2> is correct for synthesis.
 
    Set user-defined property "INIT =  0" for instance <Q0> in unit <FD8CE_MXILINX_top.2>.
    Set user-defined property "INIT =  0" for instance <Q1> in unit <FD8CE_MXILINX_top.2>.
    Set user-defined property "INIT =  0" for instance <Q2> in unit <FD8CE_MXILINX_top.2>.
    Set user-defined property "INIT =  0" for instance <Q3> in unit <FD8CE_MXILINX_top.2>.
    Set user-defined property "INIT =  0" for instance <Q4> in unit <FD8CE_MXILINX_top.2>.
    Set user-defined property "INIT =  0" for instance <Q5> in unit <FD8CE_MXILINX_top.2>.
    Set user-defined property "INIT =  0" for instance <Q6> in unit <FD8CE_MXILINX_top.2>.
    Set user-defined property "INIT =  0" for instance <Q7> in unit <FD8CE_MXILINX_top.2>.
Analyzing Entity <dynamic_sizer> in library <work> (Architecture <behavioral>).
Entity <dynamic_sizer> analyzed. Unit <dynamic_sizer> generated.

Analyzing Entity <addr_decode_combi> in library <work> (Architecture <behavioral>).
Entity <addr_decode_combi> analyzed. Unit <addr_decode_combi> generated.

Analyzing module <D2_4E_MXILINX_top> in library <work>.
Module <D2_4E_MXILINX_top> is correct for synthesis.
 
Analyzing module <OBUFE_MXILINX_top.1> in library <work>.
Module <OBUFE_MXILINX_top.1> is correct for synthesis.
 
    Set user-defined property "CAPACITANCE =  DONT_CARE" for instance <I_36_10> in unit <OBUFE_MXILINX_top.1>.
    Set user-defined property "DRIVE =  12" for instance <I_36_10> in unit <OBUFE_MXILINX_top.1>.
    Set user-defined property "IOSTANDARD =  DEFAULT" for instance <I_36_10> in unit <OBUFE_MXILINX_top.1>.
    Set user-defined property "SLEW =  SLOW" for instance <I_36_10> in unit <OBUFE_MXILINX_top.1>.
Analyzing module <OBUFE_MXILINX_top.2> in library <work>.
Module <OBUFE_MXILINX_top.2> is correct for synthesis.
 
    Set user-defined property "CAPACITANCE =  DONT_CARE" for instance <I_36_10> in unit <OBUFE_MXILINX_top.2>.
    Set user-defined property "DRIVE =  12" for instance <I_36_10> in unit <OBUFE_MXILINX_top.2>.
    Set user-defined property "IOSTANDARD =  DEFAULT" for instance <I_36_10> in unit <OBUFE_MXILINX_top.2>.
    Set user-defined property "SLEW =  SLOW" for instance <I_36_10> in unit <OBUFE_MXILINX_top.2>.
Analyzing module <OBUFE_MXILINX_top.3> in library <work>.
Module <OBUFE_MXILINX_top.3> is correct for synthesis.
 
    Set user-defined property "CAPACITANCE =  DONT_CARE" for instance <I_36_10> in unit <OBUFE_MXILINX_top.3>.
    Set user-defined property "DRIVE =  12" for instance <I_36_10> in unit <OBUFE_MXILINX_top.3>.
    Set user-defined property "IOSTANDARD =  DEFAULT" for instance <I_36_10> in unit <OBUFE_MXILINX_top.3>.
    Set user-defined property "SLEW =  SLOW" for instance <I_36_10> in unit <OBUFE_MXILINX_top.3>.
Analyzing module <CB4CLE_MXILINX_top> in library <work>.
Module <CB4CLE_MXILINX_top> is correct for synthesis.
 
    Set user-defined property "HU_SET =  I3_3" for instance <I3> in unit <CB4CLE_MXILINX_top>.
    Set user-defined property "HU_SET =  I4_4" for instance <I4> in unit <CB4CLE_MXILINX_top>.
    Set user-defined property "HU_SET =  I5_5" for instance <I5> in unit <CB4CLE_MXILINX_top>.
    Set user-defined property "HU_SET =  I6_6" for instance <I6> in unit <CB4CLE_MXILINX_top>.
Analyzing module <FTCLE_MXILINX_top.2> in library <work>.
	INIT = 1'b0
Module <FTCLE_MXILINX_top.2> is correct for synthesis.
 
    Set user-defined property "INIT =  0" for instance <I_36_35> in unit <FTCLE_MXILINX_top.2>.
    Set user-defined property "HU_SET =  I_36_30_2" for instance <I_36_30> in unit <FTCLE_MXILINX_top.2>.
Analyzing module <M2_1_MXILINX_top> in library <work>.
Module <M2_1_MXILINX_top> is correct for synthesis.
 
Analyzing module <FTCLE_MXILINX_top.3> in library <work>.
	INIT = 1'b0
Module <FTCLE_MXILINX_top.3> is correct for synthesis.
 
    Set user-defined property "INIT =  0" for instance <I_36_35> in unit <FTCLE_MXILINX_top.3>.
    Set user-defined property "HU_SET =  I_36_30_2" for instance <I_36_30> in unit <FTCLE_MXILINX_top.3>.
Analyzing module <FTCLE_MXILINX_top.4> in library <work>.
	INIT = 1'b0
Module <FTCLE_MXILINX_top.4> is correct for synthesis.
 
    Set user-defined property "INIT =  0" for instance <I_36_35> in unit <FTCLE_MXILINX_top.4>.
    Set user-defined property "HU_SET =  I_36_30_2" for instance <I_36_30> in unit <FTCLE_MXILINX_top.4>.
Analyzing module <FTCLE_MXILINX_top.5> in library <work>.
	INIT = 1'b0
Module <FTCLE_MXILINX_top.5> is correct for synthesis.
 
    Set user-defined property "INIT =  0" for instance <I_36_35> in unit <FTCLE_MXILINX_top.5>.
    Set user-defined property "HU_SET =  I_36_30_2" for instance <I_36_30> in unit <FTCLE_MXILINX_top.5>.
Analyzing module <OBUFE_MXILINX_top.4> in library <work>.
Module <OBUFE_MXILINX_top.4> is correct for synthesis.
 
    Set user-defined property "CAPACITANCE =  DONT_CARE" for instance <I_36_10> in unit <OBUFE_MXILINX_top.4>.
    Set user-defined property "DRIVE =  12" for instance <I_36_10> in unit <OBUFE_MXILINX_top.4>.
    Set user-defined property "IOSTANDARD =  DEFAULT" for instance <I_36_10> in unit <OBUFE_MXILINX_top.4>.
    Set user-defined property "SLEW =  SLOW" for instance <I_36_10> in unit <OBUFE_MXILINX_top.4>.
Analyzing module <OBUFE_MXILINX_top.5> in library <work>.
Module <OBUFE_MXILINX_top.5> is correct for synthesis.
 
    Set user-defined property "CAPACITANCE =  DONT_CARE" for instance <I_36_10> in unit <OBUFE_MXILINX_top.5>.
    Set user-defined property "DRIVE =  12" for instance <I_36_10> in unit <OBUFE_MXILINX_top.5>.
    Set user-defined property "IOSTANDARD =  DEFAULT" for instance <I_36_10> in unit <OBUFE_MXILINX_top.5>.
    Set user-defined property "SLEW =  SLOW" for instance <I_36_10> in unit <OBUFE_MXILINX_top.5>.
Analyzing module <FTCLE_MXILINX_top.1> in library <work>.
	INIT = 1'b0
Module <FTCLE_MXILINX_top.1> is correct for synthesis.
 
    Set user-defined property "INIT =  0" for instance <I_36_35> in unit <FTCLE_MXILINX_top.1>.
    Set user-defined property "HU_SET =  I_36_30_2" for instance <I_36_30> in unit <FTCLE_MXILINX_top.1>.
Analyzing module <COMP4_MXILINX_top> in library <work>.
Module <COMP4_MXILINX_top> is correct for synthesis.
 
Analyzing module <FTSRE_MXILINX_top.1> in library <work>.
	INIT = 1'b0
Module <FTSRE_MXILINX_top.1> is correct for synthesis.
 
    Set user-defined property "HU_SET =  I_36_35_1" for instance <I_36_35> in unit <FTSRE_MXILINX_top.1>.
Analyzing module <FDSE_MXILINX_top> in library <work>.
	INIT = 1'b1
Module <FDSE_MXILINX_top> is correct for synthesis.
 
    Set user-defined property "HU_SET =  U0_0" for instance <U0> in unit <FDSE_MXILINX_top>.
Analyzing module <FD_MXILINX_top> in library <work>.
	INIT = 1'b0
Module <FD_MXILINX_top> is correct for synthesis.
 
    Set user-defined property "HU_SET =  U0_0" for instance <U0> in unit <FD_MXILINX_top>.
    Set user-defined property "INIT =  0" for instance <U0> in unit <FD_MXILINX_top>.
Analyzing module <FTSRE_MXILINX_top.2> in library <work>.
	INIT = 1'b0
Module <FTSRE_MXILINX_top.2> is correct for synthesis.
 
    Set user-defined property "HU_SET =  I_36_35_1" for instance <I_36_35> in unit <FTSRE_MXILINX_top.2>.
Analyzing module <FTSRE_MXILINX_top.3> in library <work>.
	INIT = 1'b0
Module <FTSRE_MXILINX_top.3> is correct for synthesis.
 
    Set user-defined property "HU_SET =  I_36_35_1" for instance <I_36_35> in unit <FTSRE_MXILINX_top.3>.
Analyzing module <FTSRE_MXILINX_top.4> in library <work>.
	INIT = 1'b0
Module <FTSRE_MXILINX_top.4> is correct for synthesis.
 
    Set user-defined property "HU_SET =  I_36_35_1" for instance <I_36_35> in unit <FTSRE_MXILINX_top.4>.
Analyzing module <OBUFE_MXILINX_top.6> in library <work>.
Module <OBUFE_MXILINX_top.6> is correct for synthesis.
 
    Set user-defined property "CAPACITANCE =  DONT_CARE" for instance <I_36_10> in unit <OBUFE_MXILINX_top.6>.
    Set user-defined property "DRIVE =  12" for instance <I_36_10> in unit <OBUFE_MXILINX_top.6>.
    Set user-defined property "IOSTANDARD =  DEFAULT" for instance <I_36_10> in unit <OBUFE_MXILINX_top.6>.
    Set user-defined property "SLEW =  SLOW" for instance <I_36_10> in unit <OBUFE_MXILINX_top.6>.

=========================================================================
*                           HDL Synthesis                               *
=========================================================================

Performing bidirectional port resolution...

Synthesizing Unit <dynamic_sizer>.
    Related source file is "/home/mike/devel/embedded/m68k/m68030-bbb-clone/xc95108-glue/dynamic_sizer.vhd".
Unit <dynamic_sizer> synthesized.


Synthesizing Unit <addr_decode_combi>.
    Related source file is "/home/mike/devel/embedded/m68k/m68030-bbb-clone/xc95108-glue/addr_decode_combi.vhd".
WARNING:Xst:647 - Input <A<19:0>> is never used. This port will be preserved and left unconnected if it belongs to a top-level block or it belongs to a sub-block and the hierarchy of this sub-block is preserved.
    Found 4-bit up counter for signal <boot_cycle_count_reg>.
    Found 1-bit register for signal <boot_in_progress>.
    Summary:
	inferred   1 Counter(s).
	inferred   1 D-type flip-flop(s).
Unit <addr_decode_combi> synthesized.


Synthesizing Unit <IBUF8_MXILINX_top>.
    Related source file is "top.vf".
Unit <IBUF8_MXILINX_top> synthesized.


Synthesizing Unit <OBUFT8_MXILINX_top>.
    Related source file is "top.vf".
Unit <OBUFT8_MXILINX_top> synthesized.


Synthesizing Unit <IBUF16_MXILINX_top_1>.
    Related source file is "top.vf".
Unit <IBUF16_MXILINX_top_1> synthesized.


Synthesizing Unit <IBUF16_MXILINX_top_2>.
    Related source file is "top.vf".
Unit <IBUF16_MXILINX_top_2> synthesized.


Synthesizing Unit <BUFE8_MXILINX_top_1>.
    Related source file is "top.vf".
Unit <BUFE8_MXILINX_top_1> synthesized.


Synthesizing Unit <FD8CE_MXILINX_top_1>.
    Related source file is "top.vf".
Unit <FD8CE_MXILINX_top_1> synthesized.


Synthesizing Unit <BUFE8_MXILINX_top_2>.
    Related source file is "top.vf".
Unit <BUFE8_MXILINX_top_2> synthesized.


Synthesizing Unit <FD8CE_MXILINX_top_2>.
    Related source file is "top.vf".
Unit <FD8CE_MXILINX_top_2> synthesized.


Synthesizing Unit <D2_4E_MXILINX_top>.
    Related source file is "top.vf".
Unit <D2_4E_MXILINX_top> synthesized.


Synthesizing Unit <OBUFE_MXILINX_top_1>.
    Related source file is "top.vf".
Unit <OBUFE_MXILINX_top_1> synthesized.


Synthesizing Unit <OBUFE_MXILINX_top_2>.
    Related source file is "top.vf".
Unit <OBUFE_MXILINX_top_2> synthesized.


Synthesizing Unit <OBUFE_MXILINX_top_3>.
    Related source file is "top.vf".
Unit <OBUFE_MXILINX_top_3> synthesized.


Synthesizing Unit <OBUFE_MXILINX_top_4>.
    Related source file is "top.vf".
Unit <OBUFE_MXILINX_top_4> synthesized.


Synthesizing Unit <OBUFE_MXILINX_top_5>.
    Related source file is "top.vf".
Unit <OBUFE_MXILINX_top_5> synthesized.


Synthesizing Unit <COMP4_MXILINX_top>.
    Related source file is "top.vf".
Unit <COMP4_MXILINX_top> synthesized.


Synthesizing Unit <OBUFE_MXILINX_top_6>.
    Related source file is "top.vf".
Unit <OBUFE_MXILINX_top_6> synthesized.


Synthesizing Unit <M2_1_MXILINX_top>.
    Related source file is "top.vf".
Unit <M2_1_MXILINX_top> synthesized.


Synthesizing Unit <FD_MXILINX_top>.
    Related source file is "top.vf".
Unit <FD_MXILINX_top> synthesized.


Synthesizing Unit <FTCLE_MXILINX_top_1>.
    Related source file is "top.vf".
Unit <FTCLE_MXILINX_top_1> synthesized.


Synthesizing Unit <FTCLE_MXILINX_top_2>.
    Related source file is "top.vf".
Unit <FTCLE_MXILINX_top_2> synthesized.


Synthesizing Unit <FTCLE_MXILINX_top_3>.
    Related source file is "top.vf".
Unit <FTCLE_MXILINX_top_3> synthesized.


Synthesizing Unit <FTCLE_MXILINX_top_4>.
    Related source file is "top.vf".
Unit <FTCLE_MXILINX_top_4> synthesized.


Synthesizing Unit <FTCLE_MXILINX_top_5>.
    Related source file is "top.vf".
Unit <FTCLE_MXILINX_top_5> synthesized.


Synthesizing Unit <FDSE_MXILINX_top>.
    Related source file is "top.vf".
Unit <FDSE_MXILINX_top> synthesized.


Synthesizing Unit <CB4CLE_MXILINX_top>.
    Related source file is "top.vf".
Unit <CB4CLE_MXILINX_top> synthesized.


Synthesizing Unit <FTSRE_MXILINX_top_1>.
    Related source file is "top.vf".
Unit <FTSRE_MXILINX_top_1> synthesized.


Synthesizing Unit <FTSRE_MXILINX_top_2>.
    Related source file is "top.vf".
Unit <FTSRE_MXILINX_top_2> synthesized.


Synthesizing Unit <FTSRE_MXILINX_top_3>.
    Related source file is "top.vf".
Unit <FTSRE_MXILINX_top_3> synthesized.


Synthesizing Unit <FTSRE_MXILINX_top_4>.
    Related source file is "top.vf".
Unit <FTSRE_MXILINX_top_4> synthesized.


Synthesizing Unit <top>.
    Related source file is "top.vf".
WARNING:Xst:646 - Signal <REGSEL3> is assigned but never used. This unconnected signal will be trimmed during the optimization process.
WARNING:Xst:646 - Signal <REGSEL2> is assigned but never used. This unconnected signal will be trimmed during the optimization process.
Unit <top> synthesized.


=========================================================================
HDL Synthesis Report

Macro Statistics
# Counters                                             : 1
 4-bit up counter                                      : 1
# Registers                                            : 1
 1-bit register                                        : 1

=========================================================================

=========================================================================
*                       Advanced HDL Synthesis                          *
=========================================================================


=========================================================================
Advanced HDL Synthesis Report

Macro Statistics
# Counters                                             : 1
 4-bit up counter                                      : 1
# Registers                                            : 26
 Flip-Flops                                            : 26

=========================================================================

=========================================================================
*                         Low Level Synthesis                           *
=========================================================================

Optimizing unit <top> ...
  implementation constraint: LOC=P99	 : nRESET_EXT
  implementation constraint: LOC=P9	 : nHALT
  implementation constraint: LOC=P6	 : nDSACK0
  implementation constraint: LOC=P7	 : nDSACK1
  implementation constraint: LOC=P8	 : nSTERM
  implementation constraint: LOC=P10	 : nBERR
  implementation constraint: SLEW=FAST	 : D_EXT<7>
  implementation constraint: SLEW=FAST	 : D_EXT<6>
  implementation constraint: SLEW=FAST	 : D_EXT<5>
  implementation constraint: SLEW=FAST	 : D_EXT<4>
  implementation constraint: SLEW=FAST	 : D_EXT<3>
  implementation constraint: SLEW=FAST	 : D_EXT<2>
  implementation constraint: SLEW=FAST	 : D_EXT<1>
  implementation constraint: SLEW=FAST	 : D_EXT<0>

Optimizing unit <dynamic_sizer> ...

Optimizing unit <IBUF8_MXILINX_top> ...

Optimizing unit <OBUFT8_MXILINX_top> ...

Optimizing unit <IBUF16_MXILINX_top_1> ...

Optimizing unit <IBUF16_MXILINX_top_2> ...

Optimizing unit <BUFE8_MXILINX_top_1> ...

Optimizing unit <FD8CE_MXILINX_top_1> ...
  implementation constraint: INIT=0	 : Q0
  implementation constraint: INIT=0	 : Q1
  implementation constraint: INIT=0	 : Q2
  implementation constraint: INIT=0	 : Q3
  implementation constraint: INIT=0	 : Q4
  implementation constraint: INIT=0	 : Q5
  implementation constraint: INIT=0	 : Q6
  implementation constraint: INIT=0	 : Q7

Optimizing unit <BUFE8_MXILINX_top_2> ...

Optimizing unit <FD8CE_MXILINX_top_2> ...
  implementation constraint: INIT=0	 : Q0
  implementation constraint: INIT=0	 : Q1
  implementation constraint: INIT=0	 : Q2
  implementation constraint: INIT=0	 : Q3
  implementation constraint: INIT=0	 : Q4
  implementation constraint: INIT=0	 : Q5
  implementation constraint: INIT=0	 : Q6
  implementation constraint: INIT=0	 : Q7

Optimizing unit <D2_4E_MXILINX_top> ...

Optimizing unit <OBUFE_MXILINX_top_1> ...

Optimizing unit <OBUFE_MXILINX_top_2> ...

Optimizing unit <OBUFE_MXILINX_top_3> ...

Optimizing unit <OBUFE_MXILINX_top_4> ...

Optimizing unit <OBUFE_MXILINX_top_5> ...

Optimizing unit <COMP4_MXILINX_top> ...

Optimizing unit <OBUFE_MXILINX_top_6> ...

Optimizing unit <M2_1_MXILINX_top> ...

Optimizing unit <FD_MXILINX_top> ...
  implementation constraint: HU_SET=U0_0  : U0
  implementation constraint: INIT=0	 : U0

Optimizing unit <FTCLE_MXILINX_top_1> ...
  implementation constraint: INIT=0	 : I_36_35

Optimizing unit <FTCLE_MXILINX_top_2> ...
  implementation constraint: INIT=0	 : I_36_35

Optimizing unit <FTCLE_MXILINX_top_3> ...
  implementation constraint: INIT=0	 : I_36_35

Optimizing unit <FTCLE_MXILINX_top_4> ...
  implementation constraint: INIT=0	 : I_36_35

Optimizing unit <FTCLE_MXILINX_top_5> ...
  implementation constraint: INIT=0	 : I_36_35

Optimizing unit <FDSE_MXILINX_top> ...

Optimizing unit <addr_decode_combi> ...

Optimizing unit <CB4CLE_MXILINX_top> ...

Optimizing unit <FTSRE_MXILINX_top_1> ...

Optimizing unit <FTSRE_MXILINX_top_2> ...

Optimizing unit <FTSRE_MXILINX_top_3> ...

Optimizing unit <FTSRE_MXILINX_top_4> ...

=========================================================================
*                           Partition Report                            *
=========================================================================

Partition Implementation Status
-------------------------------

  No Partitions were found in this design.

-------------------------------

=========================================================================
*                            Final Report                               *
=========================================================================
Final Results
RTL Top Level Output File Name     : top.ngr
Top Level Output File Name         : top
Output Format                      : NGC
Optimization Goal                  : Speed
Keep Hierarchy                     : Yes
Target Technology                  : XC9500 CPLDs
Macro Preserve                     : YES
XOR Preserve                       : YES
wysiwyg                            : NO

Design Statistics
# IOs                              : 91

Cell Usage :
# BELS                             : 245
#      AND2                        : 61
#      AND3                        : 10
#      AND4                        : 4
#      AND5                        : 2
#      AND8                        : 2
#      GND                         : 5
#      INV                         : 85
#      OR2                         : 43
#      OR3                         : 8
#      OR5                         : 1
#      VCC                         : 6
#      XNOR2                       : 5
#      XOR2                        : 13
# FlipFlops/Latches                : 30
#      FDC                         : 4
#      FDCE                        : 21
#      FDCP                        : 4
#      FDP                         : 1
# Tri-States                       : 16
#      BUFE                        : 16
# IO Buffers                       : 99
#      IBUF                        : 54
#      OBUF                        : 31
#      OBUFT                       : 14
# Others                           : 17
#      AND2B1                      : 13
#      AND3B1                      : 2
#      AND3B2                      : 1
#      NAND2                       : 1
=========================================================================


Total REAL time to Xst completion: 2.00 secs
Total CPU time to Xst completion: 2.23 secs
 
--> 


Total memory usage is 529448 kilobytes

Number of errors   :    0 (   0 filtered)
Number of warnings :    5 (   0 filtered)
Number of infos    :    0 (   0 filtered)

